Archive member included to satisfy reference by file (symbol)

c:/st/stm32cubeide_1.11.2/stm32cubeide/plugins/com.st.stm32cube.ide.mcu.externaltools.gnu-tools-for-stm32.10.3-2021.10.win32_1.0.100.202210260954/tools/bin/../lib/gcc/arm-none-eabi/10.3.1/../../../../arm-none-eabi/lib/thumb/v7-m/nofp\libc_nano.a(lib_a-errno.o)
                              ./Src/syscalls.o (__errno)
c:/st/stm32cubeide_1.11.2/stm32cubeide/plugins/com.st.stm32cube.ide.mcu.externaltools.gnu-tools-for-stm32.10.3-2021.10.win32_1.0.100.202210260954/tools/bin/../lib/gcc/arm-none-eabi/10.3.1/../../../../arm-none-eabi/lib/thumb/v7-m/nofp\libc_nano.a(lib_a-exit.o)
                              c:/st/stm32cubeide_1.11.2/stm32cubeide/plugins/com.st.stm32cube.ide.mcu.externaltools.gnu-tools-for-stm32.10.3-2021.10.win32_1.0.100.202210260954/tools/bin/../lib/gcc/arm-none-eabi/10.3.1/../../../../arm-none-eabi/lib/thumb/v7-m/nofp/crt0.o (exit)
c:/st/stm32cubeide_1.11.2/stm32cubeide/plugins/com.st.stm32cube.ide.mcu.externaltools.gnu-tools-for-stm32.10.3-2021.10.win32_1.0.100.202210260954/tools/bin/../lib/gcc/arm-none-eabi/10.3.1/../../../../arm-none-eabi/lib/thumb/v7-m/nofp\libc_nano.a(lib_a-impure.o)
                              c:/st/stm32cubeide_1.11.2/stm32cubeide/plugins/com.st.stm32cube.ide.mcu.externaltools.gnu-tools-for-stm32.10.3-2021.10.win32_1.0.100.202210260954/tools/bin/../lib/gcc/arm-none-eabi/10.3.1/../../../../arm-none-eabi/lib/thumb/v7-m/nofp\libc_nano.a(lib_a-exit.o) (_global_impure_ptr)
c:/st/stm32cubeide_1.11.2/stm32cubeide/plugins/com.st.stm32cube.ide.mcu.externaltools.gnu-tools-for-stm32.10.3-2021.10.win32_1.0.100.202210260954/tools/bin/../lib/gcc/arm-none-eabi/10.3.1/../../../../arm-none-eabi/lib/thumb/v7-m/nofp\libc_nano.a(lib_a-init.o)
                              c:/st/stm32cubeide_1.11.2/stm32cubeide/plugins/com.st.stm32cube.ide.mcu.externaltools.gnu-tools-for-stm32.10.3-2021.10.win32_1.0.100.202210260954/tools/bin/../lib/gcc/arm-none-eabi/10.3.1/../../../../arm-none-eabi/lib/thumb/v7-m/nofp/crt0.o (__libc_init_array)
c:/st/stm32cubeide_1.11.2/stm32cubeide/plugins/com.st.stm32cube.ide.mcu.externaltools.gnu-tools-for-stm32.10.3-2021.10.win32_1.0.100.202210260954/tools/bin/../lib/gcc/arm-none-eabi/10.3.1/../../../../arm-none-eabi/lib/thumb/v7-m/nofp\libc_nano.a(lib_a-memset.o)
                              c:/st/stm32cubeide_1.11.2/stm32cubeide/plugins/com.st.stm32cube.ide.mcu.externaltools.gnu-tools-for-stm32.10.3-2021.10.win32_1.0.100.202210260954/tools/bin/../lib/gcc/arm-none-eabi/10.3.1/../../../../arm-none-eabi/lib/thumb/v7-m/nofp/crt0.o (memset)

Discarded input sections

 .text          0x0000000000000000        0x0 c:/st/stm32cubeide_1.11.2/stm32cubeide/plugins/com.st.stm32cube.ide.mcu.externaltools.gnu-tools-for-stm32.10.3-2021.10.win32_1.0.100.202210260954/tools/bin/../lib/gcc/arm-none-eabi/10.3.1/thumb/v7-m/nofp/crti.o
 .data          0x0000000000000000        0x0 c:/st/stm32cubeide_1.11.2/stm32cubeide/plugins/com.st.stm32cube.ide.mcu.externaltools.gnu-tools-for-stm32.10.3-2021.10.win32_1.0.100.202210260954/tools/bin/../lib/gcc/arm-none-eabi/10.3.1/thumb/v7-m/nofp/crti.o
 .bss           0x0000000000000000        0x0 c:/st/stm32cubeide_1.11.2/stm32cubeide/plugins/com.st.stm32cube.ide.mcu.externaltools.gnu-tools-for-stm32.10.3-2021.10.win32_1.0.100.202210260954/tools/bin/../lib/gcc/arm-none-eabi/10.3.1/thumb/v7-m/nofp/crti.o
 .data          0x0000000000000000        0x4 c:/st/stm32cubeide_1.11.2/stm32cubeide/plugins/com.st.stm32cube.ide.mcu.externaltools.gnu-tools-for-stm32.10.3-2021.10.win32_1.0.100.202210260954/tools/bin/../lib/gcc/arm-none-eabi/10.3.1/thumb/v7-m/nofp/crtbegin.o
 .rodata        0x0000000000000000       0x24 c:/st/stm32cubeide_1.11.2/stm32cubeide/plugins/com.st.stm32cube.ide.mcu.externaltools.gnu-tools-for-stm32.10.3-2021.10.win32_1.0.100.202210260954/tools/bin/../lib/gcc/arm-none-eabi/10.3.1/thumb/v7-m/nofp/crtbegin.o
 .text          0x0000000000000000       0x7c c:/st/stm32cubeide_1.11.2/stm32cubeide/plugins/com.st.stm32cube.ide.mcu.externaltools.gnu-tools-for-stm32.10.3-2021.10.win32_1.0.100.202210260954/tools/bin/../lib/gcc/arm-none-eabi/10.3.1/../../../../arm-none-eabi/lib/thumb/v7-m/nofp/crt0.o
 .data          0x0000000000000000        0x0 c:/st/stm32cubeide_1.11.2/stm32cubeide/plugins/com.st.stm32cube.ide.mcu.externaltools.gnu-tools-for-stm32.10.3-2021.10.win32_1.0.100.202210260954/tools/bin/../lib/gcc/arm-none-eabi/10.3.1/../../../../arm-none-eabi/lib/thumb/v7-m/nofp/crt0.o
 .bss           0x0000000000000000        0x0 c:/st/stm32cubeide_1.11.2/stm32cubeide/plugins/com.st.stm32cube.ide.mcu.externaltools.gnu-tools-for-stm32.10.3-2021.10.win32_1.0.100.202210260954/tools/bin/../lib/gcc/arm-none-eabi/10.3.1/../../../../arm-none-eabi/lib/thumb/v7-m/nofp/crt0.o
 .ARM.extab     0x0000000000000000        0x0 c:/st/stm32cubeide_1.11.2/stm32cubeide/plugins/com.st.stm32cube.ide.mcu.externaltools.gnu-tools-for-stm32.10.3-2021.10.win32_1.0.100.202210260954/tools/bin/../lib/gcc/arm-none-eabi/10.3.1/../../../../arm-none-eabi/lib/thumb/v7-m/nofp/crt0.o
 .ARM.exidx     0x0000000000000000       0x10 c:/st/stm32cubeide_1.11.2/stm32cubeide/plugins/com.st.stm32cube.ide.mcu.externaltools.gnu-tools-for-stm32.10.3-2021.10.win32_1.0.100.202210260954/tools/bin/../lib/gcc/arm-none-eabi/10.3.1/../../../../arm-none-eabi/lib/thumb/v7-m/nofp/crt0.o
 .ARM.attributes
                0x0000000000000000       0x1b c:/st/stm32cubeide_1.11.2/stm32cubeide/plugins/com.st.stm32cube.ide.mcu.externaltools.gnu-tools-for-stm32.10.3-2021.10.win32_1.0.100.202210260954/tools/bin/../lib/gcc/arm-none-eabi/10.3.1/../../../../arm-none-eabi/lib/thumb/v7-m/nofp/crt0.o
 .group         0x0000000000000000        0xc ./Src/ADC_prg.o
 .group         0x0000000000000000        0xc ./Src/ADC_prg.o
 .group         0x0000000000000000        0xc ./Src/ADC_prg.o
 .group         0x0000000000000000        0xc ./Src/ADC_prg.o
 .text          0x0000000000000000        0x0 ./Src/ADC_prg.o
 .data          0x0000000000000000        0x0 ./Src/ADC_prg.o
 .bss           0x0000000000000000        0x0 ./Src/ADC_prg.o
 .group         0x0000000000000000        0xc ./Src/DIO_program.o
 .group         0x0000000000000000        0xc ./Src/DIO_program.o
 .group         0x0000000000000000        0xc ./Src/DIO_program.o
 .group         0x0000000000000000        0xc ./Src/DIO_program.o
 .group         0x0000000000000000        0xc ./Src/DIO_program.o
 .text          0x0000000000000000        0x0 ./Src/DIO_program.o
 .data          0x0000000000000000        0x0 ./Src/DIO_program.o
 .bss           0x0000000000000000        0x0 ./Src/DIO_program.o
 .text.M_DIO_void_getPinVal
                0x0000000000000000       0x90 ./Src/DIO_program.o
 .debug_macro   0x0000000000000000      0xa72 ./Src/DIO_program.o
 .group         0x0000000000000000        0xc ./Src/LCD_prg.o
 .group         0x0000000000000000        0xc ./Src/LCD_prg.o
 .group         0x0000000000000000        0xc ./Src/LCD_prg.o
 .group         0x0000000000000000        0xc ./Src/LCD_prg.o
 .group         0x0000000000000000        0xc ./Src/LCD_prg.o
 .group         0x0000000000000000        0xc ./Src/LCD_prg.o
 .text          0x0000000000000000        0x0 ./Src/LCD_prg.o
 .data          0x0000000000000000        0x0 ./Src/LCD_prg.o
 .bss           0x0000000000000000        0x0 ./Src/LCD_prg.o
 .text.H_LCD_void_clear
                0x0000000000000000        0xe ./Src/LCD_prg.o
 .text.H_LCD_void_creatCustomChar
                0x0000000000000000       0x16 ./Src/LCD_prg.o
 .text.H_LCD_void_displayCustomChar
                0x0000000000000000       0x14 ./Src/LCD_prg.o
 .debug_macro   0x0000000000000000      0xa72 ./Src/LCD_prg.o
 .debug_macro   0x0000000000000000       0x10 ./Src/LCD_prg.o
 .debug_macro   0x0000000000000000       0x22 ./Src/LCD_prg.o
 .debug_macro   0x0000000000000000       0xf4 ./Src/LCD_prg.o
 .group         0x0000000000000000        0xc ./Src/RCC_program.o
 .group         0x0000000000000000        0xc ./Src/RCC_program.o
 .group         0x0000000000000000        0xc ./Src/RCC_program.o
 .group         0x0000000000000000        0xc ./Src/RCC_program.o
 .group         0x0000000000000000        0xc ./Src/RCC_program.o
 .group         0x0000000000000000        0xc ./Src/RCC_program.o
 .text          0x0000000000000000        0x0 ./Src/RCC_program.o
 .data          0x0000000000000000        0x0 ./Src/RCC_program.o
 .bss           0x0000000000000000        0x0 ./Src/RCC_program.o
 .text.MRCC_voidDisablePerClk
                0x0000000000000000       0x88 ./Src/RCC_program.o
 .debug_macro   0x0000000000000000      0xa72 ./Src/RCC_program.o
 .debug_macro   0x0000000000000000       0x10 ./Src/RCC_program.o
 .debug_macro   0x0000000000000000       0x22 ./Src/RCC_program.o
 .group         0x0000000000000000        0xc ./Src/STK_program.o
 .group         0x0000000000000000        0xc ./Src/STK_program.o
 .group         0x0000000000000000        0xc ./Src/STK_program.o
 .group         0x0000000000000000        0xc ./Src/STK_program.o
 .group         0x0000000000000000        0xc ./Src/STK_program.o
 .text          0x0000000000000000        0x0 ./Src/STK_program.o
 .data          0x0000000000000000        0x0 ./Src/STK_program.o
 .bss           0x0000000000000000        0x0 ./Src/STK_program.o
 .text.STK_voidInit
                0x0000000000000000       0x18 ./Src/STK_program.o
 .text.STK_voidBusyWait
                0x0000000000000000       0x54 ./Src/STK_program.o
 .text.STK_voidSetIntervalSingle
                0x0000000000000000       0x4c ./Src/STK_program.o
 .text.STK_voidSetIntervalPeriodic
                0x0000000000000000       0x4c ./Src/STK_program.o
 .text.STK_voidStopInterval
                0x0000000000000000       0x28 ./Src/STK_program.o
 .text.STK_u32GetElapsedTime
                0x0000000000000000       0x24 ./Src/STK_program.o
 .text.STK_u32GetRemainingTime
                0x0000000000000000       0x1c ./Src/STK_program.o
 .debug_macro   0x0000000000000000      0xa72 ./Src/STK_program.o
 .debug_macro   0x0000000000000000       0x10 ./Src/STK_program.o
 .debug_macro   0x0000000000000000       0x22 ./Src/STK_program.o
 .group         0x0000000000000000        0xc ./Src/main.o
 .group         0x0000000000000000        0xc ./Src/main.o
 .group         0x0000000000000000        0xc ./Src/main.o
 .group         0x0000000000000000        0xc ./Src/main.o
 .group         0x0000000000000000        0xc ./Src/main.o
 .text          0x0000000000000000        0x0 ./Src/main.o
 .data          0x0000000000000000        0x0 ./Src/main.o
 .bss           0x0000000000000000        0x0 ./Src/main.o
 .debug_macro   0x0000000000000000      0xa72 ./Src/main.o
 .debug_macro   0x0000000000000000       0x10 ./Src/main.o
 .debug_macro   0x0000000000000000       0x22 ./Src/main.o
 .debug_macro   0x0000000000000000       0x34 ./Src/main.o
 .debug_macro   0x0000000000000000       0xf4 ./Src/main.o
 .group         0x0000000000000000        0xc ./Src/syscalls.o
 .group         0x0000000000000000        0xc ./Src/syscalls.o
 .group         0x0000000000000000        0xc ./Src/syscalls.o
 .group         0x0000000000000000        0xc ./Src/syscalls.o
 .group         0x0000000000000000        0xc ./Src/syscalls.o
 .group         0x0000000000000000        0xc ./Src/syscalls.o
 .group         0x0000000000000000        0xc ./Src/syscalls.o
 .group         0x0000000000000000        0xc ./Src/syscalls.o
 .group         0x0000000000000000        0xc ./Src/syscalls.o
 .group         0x0000000000000000        0xc ./Src/syscalls.o
 .group         0x0000000000000000        0xc ./Src/syscalls.o
 .group         0x0000000000000000        0xc ./Src/syscalls.o
 .group         0x0000000000000000        0xc ./Src/syscalls.o
 .group         0x0000000000000000        0xc ./Src/syscalls.o
 .group         0x0000000000000000        0xc ./Src/syscalls.o
 .group         0x0000000000000000        0xc ./Src/syscalls.o
 .group         0x0000000000000000        0xc ./Src/syscalls.o
 .group         0x0000000000000000        0xc ./Src/syscalls.o
 .group         0x0000000000000000        0xc ./Src/syscalls.o
 .group         0x0000000000000000        0xc ./Src/syscalls.o
 .group         0x0000000000000000        0xc ./Src/syscalls.o
 .group         0x0000000000000000        0xc ./Src/syscalls.o
 .group         0x0000000000000000        0xc ./Src/syscalls.o
 .group         0x0000000000000000        0xc ./Src/syscalls.o
 .group         0x0000000000000000        0xc ./Src/syscalls.o
 .group         0x0000000000000000        0xc ./Src/syscalls.o
 .group         0x0000000000000000        0xc ./Src/syscalls.o
 .group         0x0000000000000000        0xc ./Src/syscalls.o
 .group         0x0000000000000000        0xc ./Src/syscalls.o
 .group         0x0000000000000000        0xc ./Src/syscalls.o
 .group         0x0000000000000000        0xc ./Src/syscalls.o
 .group         0x0000000000000000        0xc ./Src/syscalls.o
 .group         0x0000000000000000        0xc ./Src/syscalls.o
 .group         0x0000000000000000        0xc ./Src/syscalls.o
 .group         0x0000000000000000        0xc ./Src/syscalls.o
 .group         0x0000000000000000        0xc ./Src/syscalls.o
 .group         0x0000000000000000        0xc ./Src/syscalls.o
 .group         0x0000000000000000        0xc ./Src/syscalls.o
 .group         0x0000000000000000        0xc ./Src/syscalls.o
 .group         0x0000000000000000        0xc ./Src/syscalls.o
 .group         0x0000000000000000        0xc ./Src/syscalls.o
 .group         0x0000000000000000        0xc ./Src/syscalls.o
 .group         0x0000000000000000        0xc ./Src/syscalls.o
 .group         0x0000000000000000        0xc ./Src/syscalls.o
 .group         0x0000000000000000        0xc ./Src/syscalls.o
 .group         0x0000000000000000        0xc ./Src/syscalls.o
 .group         0x0000000000000000        0xc ./Src/syscalls.o
 .text          0x0000000000000000        0x0 ./Src/syscalls.o
 .data          0x0000000000000000        0x0 ./Src/syscalls.o
 .bss           0x0000000000000000        0x0 ./Src/syscalls.o
 .bss.__env     0x0000000000000000        0x4 ./Src/syscalls.o
 .data.environ  0x0000000000000000        0x4 ./Src/syscalls.o
 .text.initialise_monitor_handles
                0x0000000000000000        0xc ./Src/syscalls.o
 .text._getpid  0x0000000000000000        0xe ./Src/syscalls.o
 .text._kill    0x0000000000000000       0x20 ./Src/syscalls.o
 .text._exit    0x0000000000000000       0x14 ./Src/syscalls.o
 .text._read    0x0000000000000000       0x3a ./Src/syscalls.o
 .text._write   0x0000000000000000       0x38 ./Src/syscalls.o
 .text._close   0x0000000000000000       0x16 ./Src/syscalls.o
 .text._fstat   0x0000000000000000       0x1e ./Src/syscalls.o
 .text._isatty  0x0000000000000000       0x14 ./Src/syscalls.o
 .text._lseek   0x0000000000000000       0x18 ./Src/syscalls.o
 .text._open    0x0000000000000000       0x1a ./Src/syscalls.o
 .text._wait    0x0000000000000000       0x1e ./Src/syscalls.o
 .text._unlink  0x0000000000000000       0x1e ./Src/syscalls.o
 .text._times   0x0000000000000000       0x16 ./Src/syscalls.o
 .text._stat    0x0000000000000000       0x1e ./Src/syscalls.o
 .text._link    0x0000000000000000       0x20 ./Src/syscalls.o
 .text._fork    0x0000000000000000       0x16 ./Src/syscalls.o
 .text._execve  0x0000000000000000       0x22 ./Src/syscalls.o
 .debug_info    0x0000000000000000      0x6e0 ./Src/syscalls.o
 .debug_abbrev  0x0000000000000000      0x1b3 ./Src/syscalls.o
 .debug_aranges
                0x0000000000000000       0xa8 ./Src/syscalls.o
 .debug_ranges  0x0000000000000000       0x98 ./Src/syscalls.o
 .debug_macro   0x0000000000000000      0x24c ./Src/syscalls.o
 .debug_macro   0x0000000000000000      0xa72 ./Src/syscalls.o
 .debug_macro   0x0000000000000000       0x22 ./Src/syscalls.o
 .debug_macro   0x0000000000000000       0x4c ./Src/syscalls.o
 .debug_macro   0x0000000000000000       0x18 ./Src/syscalls.o
 .debug_macro   0x0000000000000000       0x94 ./Src/syscalls.o
 .debug_macro   0x0000000000000000       0x3c ./Src/syscalls.o
 .debug_macro   0x0000000000000000       0x34 ./Src/syscalls.o
 .debug_macro   0x0000000000000000       0x57 ./Src/syscalls.o
 .debug_macro   0x0000000000000000      0x174 ./Src/syscalls.o
 .debug_macro   0x0000000000000000      0x341 ./Src/syscalls.o
 .debug_macro   0x0000000000000000       0x16 ./Src/syscalls.o
 .debug_macro   0x0000000000000000       0x43 ./Src/syscalls.o
 .debug_macro   0x0000000000000000       0x34 ./Src/syscalls.o
 .debug_macro   0x0000000000000000       0x10 ./Src/syscalls.o
 .debug_macro   0x0000000000000000       0x58 ./Src/syscalls.o
 .debug_macro   0x0000000000000000       0x71 ./Src/syscalls.o
 .debug_macro   0x0000000000000000       0x1c ./Src/syscalls.o
 .debug_macro   0x0000000000000000      0x12a ./Src/syscalls.o
 .debug_macro   0x0000000000000000       0x10 ./Src/syscalls.o
 .debug_macro   0x0000000000000000       0x35 ./Src/syscalls.o
 .debug_macro   0x0000000000000000       0x10 ./Src/syscalls.o
 .debug_macro   0x0000000000000000       0x10 ./Src/syscalls.o
 .debug_macro   0x0000000000000000       0x10 ./Src/syscalls.o
 .debug_macro   0x0000000000000000       0x6a ./Src/syscalls.o
 .debug_macro   0x0000000000000000       0x1c ./Src/syscalls.o
 .debug_macro   0x0000000000000000       0x52 ./Src/syscalls.o
 .debug_macro   0x0000000000000000       0x22 ./Src/syscalls.o
 .debug_macro   0x0000000000000000       0x10 ./Src/syscalls.o
 .debug_macro   0x0000000000000000       0x52 ./Src/syscalls.o
 .debug_macro   0x0000000000000000       0xd5 ./Src/syscalls.o
 .debug_macro   0x0000000000000000       0x1c ./Src/syscalls.o
 .debug_macro   0x0000000000000000       0x3d ./Src/syscalls.o
 .debug_macro   0x0000000000000000       0x35 ./Src/syscalls.o
 .debug_macro   0x0000000000000000      0x12c ./Src/syscalls.o
 .debug_macro   0x0000000000000000       0x16 ./Src/syscalls.o
 .debug_macro   0x0000000000000000       0x16 ./Src/syscalls.o
 .debug_macro   0x0000000000000000       0x29 ./Src/syscalls.o
 .debug_macro   0x0000000000000000       0x10 ./Src/syscalls.o
 .debug_macro   0x0000000000000000      0x241 ./Src/syscalls.o
 .debug_macro   0x0000000000000000       0x1c ./Src/syscalls.o
 .debug_macro   0x0000000000000000       0x10 ./Src/syscalls.o
 .debug_macro   0x0000000000000000       0x10 ./Src/syscalls.o
 .debug_macro   0x0000000000000000       0x16 ./Src/syscalls.o
 .debug_macro   0x0000000000000000      0x145 ./Src/syscalls.o
 .debug_macro   0x0000000000000000      0x189 ./Src/syscalls.o
 .debug_macro   0x0000000000000000       0x16 ./Src/syscalls.o
 .debug_macro   0x0000000000000000       0xce ./Src/syscalls.o
 .debug_line    0x0000000000000000      0x7f9 ./Src/syscalls.o
 .debug_str     0x0000000000000000     0x8a06 ./Src/syscalls.o
 .comment       0x0000000000000000       0x51 ./Src/syscalls.o
 .debug_frame   0x0000000000000000      0x2ac ./Src/syscalls.o
 .ARM.attributes
                0x0000000000000000       0x2d ./Src/syscalls.o
 .group         0x0000000000000000        0xc ./Src/sysmem.o
 .group         0x0000000000000000        0xc ./Src/sysmem.o
 .group         0x0000000000000000        0xc ./Src/sysmem.o
 .group         0x0000000000000000        0xc ./Src/sysmem.o
 .group         0x0000000000000000        0xc ./Src/sysmem.o
 .group         0x0000000000000000        0xc ./Src/sysmem.o
 .group         0x0000000000000000        0xc ./Src/sysmem.o
 .group         0x0000000000000000        0xc ./Src/sysmem.o
 .group         0x0000000000000000        0xc ./Src/sysmem.o
 .group         0x0000000000000000        0xc ./Src/sysmem.o
 .group         0x0000000000000000        0xc ./Src/sysmem.o
 .group         0x0000000000000000        0xc ./Src/sysmem.o
 .group         0x0000000000000000        0xc ./Src/sysmem.o
 .group         0x0000000000000000        0xc ./Src/sysmem.o
 .group         0x0000000000000000        0xc ./Src/sysmem.o
 .group         0x0000000000000000        0xc ./Src/sysmem.o
 .group         0x0000000000000000        0xc ./Src/sysmem.o
 .group         0x0000000000000000        0xc ./Src/sysmem.o
 .group         0x0000000000000000        0xc ./Src/sysmem.o
 .group         0x0000000000000000        0xc ./Src/sysmem.o
 .group         0x0000000000000000        0xc ./Src/sysmem.o
 .group         0x0000000000000000        0xc ./Src/sysmem.o
 .text          0x0000000000000000        0x0 ./Src/sysmem.o
 .data          0x0000000000000000        0x0 ./Src/sysmem.o
 .bss           0x0000000000000000        0x0 ./Src/sysmem.o
 .bss.__sbrk_heap_end
                0x0000000000000000        0x4 ./Src/sysmem.o
 .text._sbrk    0x0000000000000000       0x6c ./Src/sysmem.o
 .debug_info    0x0000000000000000      0x171 ./Src/sysmem.o
 .debug_abbrev  0x0000000000000000       0xbb ./Src/sysmem.o
 .debug_aranges
                0x0000000000000000       0x20 ./Src/sysmem.o
 .debug_ranges  0x0000000000000000       0x10 ./Src/sysmem.o
 .debug_macro   0x0000000000000000       0xff ./Src/sysmem.o
 .debug_macro   0x0000000000000000      0xa72 ./Src/sysmem.o
 .debug_macro   0x0000000000000000       0x10 ./Src/sysmem.o
 .debug_macro   0x0000000000000000       0x22 ./Src/sysmem.o
 .debug_macro   0x0000000000000000       0x4c ./Src/sysmem.o
 .debug_macro   0x0000000000000000       0x18 ./Src/sysmem.o
 .debug_macro   0x0000000000000000       0x94 ./Src/sysmem.o
 .debug_macro   0x0000000000000000       0x3c ./Src/sysmem.o
 .debug_macro   0x0000000000000000       0x34 ./Src/sysmem.o
 .debug_macro   0x0000000000000000      0x174 ./Src/sysmem.o
 .debug_macro   0x0000000000000000       0x16 ./Src/sysmem.o
 .debug_macro   0x0000000000000000       0x43 ./Src/sysmem.o
 .debug_macro   0x0000000000000000       0x57 ./Src/sysmem.o
 .debug_macro   0x0000000000000000       0x34 ./Src/sysmem.o
 .debug_macro   0x0000000000000000       0x10 ./Src/sysmem.o
 .debug_macro   0x0000000000000000       0x58 ./Src/sysmem.o
 .debug_macro   0x0000000000000000       0x71 ./Src/sysmem.o
 .debug_macro   0x0000000000000000       0x1c ./Src/sysmem.o
 .debug_macro   0x0000000000000000      0x12a ./Src/sysmem.o
 .debug_macro   0x0000000000000000      0x23b ./Src/sysmem.o
 .debug_macro   0x0000000000000000      0x103 ./Src/sysmem.o
 .debug_macro   0x0000000000000000       0x6a ./Src/sysmem.o
 .debug_macro   0x0000000000000000      0x1df ./Src/sysmem.o
 .debug_line    0x0000000000000000      0x4ef ./Src/sysmem.o
 .debug_str     0x0000000000000000     0x5d42 ./Src/sysmem.o
 .comment       0x0000000000000000       0x51 ./Src/sysmem.o
 .debug_frame   0x0000000000000000       0x34 ./Src/sysmem.o
 .ARM.attributes
                0x0000000000000000       0x2d ./Src/sysmem.o
 .text          0x0000000000000000       0x14 ./Startup/startup_stm32f103c8tx.o
 .data          0x0000000000000000        0x0 ./Startup/startup_stm32f103c8tx.o
 .bss           0x0000000000000000        0x0 ./Startup/startup_stm32f103c8tx.o
 .text          0x0000000000000000        0x0 c:/st/stm32cubeide_1.11.2/stm32cubeide/plugins/com.st.stm32cube.ide.mcu.externaltools.gnu-tools-for-stm32.10.3-2021.10.win32_1.0.100.202210260954/tools/bin/../lib/gcc/arm-none-eabi/10.3.1/../../../../arm-none-eabi/lib/thumb/v7-m/nofp\libc_nano.a(lib_a-errno.o)
 .data          0x0000000000000000        0x0 c:/st/stm32cubeide_1.11.2/stm32cubeide/plugins/com.st.stm32cube.ide.mcu.externaltools.gnu-tools-for-stm32.10.3-2021.10.win32_1.0.100.202210260954/tools/bin/../lib/gcc/arm-none-eabi/10.3.1/../../../../arm-none-eabi/lib/thumb/v7-m/nofp\libc_nano.a(lib_a-errno.o)
 .bss           0x0000000000000000        0x0 c:/st/stm32cubeide_1.11.2/stm32cubeide/plugins/com.st.stm32cube.ide.mcu.externaltools.gnu-tools-for-stm32.10.3-2021.10.win32_1.0.100.202210260954/tools/bin/../lib/gcc/arm-none-eabi/10.3.1/../../../../arm-none-eabi/lib/thumb/v7-m/nofp\libc_nano.a(lib_a-errno.o)
 .text.__errno  0x0000000000000000        0xc c:/st/stm32cubeide_1.11.2/stm32cubeide/plugins/com.st.stm32cube.ide.mcu.externaltools.gnu-tools-for-stm32.10.3-2021.10.win32_1.0.100.202210260954/tools/bin/../lib/gcc/arm-none-eabi/10.3.1/../../../../arm-none-eabi/lib/thumb/v7-m/nofp\libc_nano.a(lib_a-errno.o)
 .debug_frame   0x0000000000000000       0x20 c:/st/stm32cubeide_1.11.2/stm32cubeide/plugins/com.st.stm32cube.ide.mcu.externaltools.gnu-tools-for-stm32.10.3-2021.10.win32_1.0.100.202210260954/tools/bin/../lib/gcc/arm-none-eabi/10.3.1/../../../../arm-none-eabi/lib/thumb/v7-m/nofp\libc_nano.a(lib_a-errno.o)
 .ARM.attributes
                0x0000000000000000       0x2d c:/st/stm32cubeide_1.11.2/stm32cubeide/plugins/com.st.stm32cube.ide.mcu.externaltools.gnu-tools-for-stm32.10.3-2021.10.win32_1.0.100.202210260954/tools/bin/../lib/gcc/arm-none-eabi/10.3.1/../../../../arm-none-eabi/lib/thumb/v7-m/nofp\libc_nano.a(lib_a-errno.o)
 .text          0x0000000000000000        0x0 c:/st/stm32cubeide_1.11.2/stm32cubeide/plugins/com.st.stm32cube.ide.mcu.externaltools.gnu-tools-for-stm32.10.3-2021.10.win32_1.0.100.202210260954/tools/bin/../lib/gcc/arm-none-eabi/10.3.1/../../../../arm-none-eabi/lib/thumb/v7-m/nofp\libc_nano.a(lib_a-exit.o)
 .data          0x0000000000000000        0x0 c:/st/stm32cubeide_1.11.2/stm32cubeide/plugins/com.st.stm32cube.ide.mcu.externaltools.gnu-tools-for-stm32.10.3-2021.10.win32_1.0.100.202210260954/tools/bin/../lib/gcc/arm-none-eabi/10.3.1/../../../../arm-none-eabi/lib/thumb/v7-m/nofp\libc_nano.a(lib_a-exit.o)
 .bss           0x0000000000000000        0x0 c:/st/stm32cubeide_1.11.2/stm32cubeide/plugins/com.st.stm32cube.ide.mcu.externaltools.gnu-tools-for-stm32.10.3-2021.10.win32_1.0.100.202210260954/tools/bin/../lib/gcc/arm-none-eabi/10.3.1/../../../../arm-none-eabi/lib/thumb/v7-m/nofp\libc_nano.a(lib_a-exit.o)
 .text.exit     0x0000000000000000       0x28 c:/st/stm32cubeide_1.11.2/stm32cubeide/plugins/com.st.stm32cube.ide.mcu.externaltools.gnu-tools-for-stm32.10.3-2021.10.win32_1.0.100.202210260954/tools/bin/../lib/gcc/arm-none-eabi/10.3.1/../../../../arm-none-eabi/lib/thumb/v7-m/nofp\libc_nano.a(lib_a-exit.o)
 .debug_frame   0x0000000000000000       0x28 c:/st/stm32cubeide_1.11.2/stm32cubeide/plugins/com.st.stm32cube.ide.mcu.externaltools.gnu-tools-for-stm32.10.3-2021.10.win32_1.0.100.202210260954/tools/bin/../lib/gcc/arm-none-eabi/10.3.1/../../../../arm-none-eabi/lib/thumb/v7-m/nofp\libc_nano.a(lib_a-exit.o)
 .ARM.attributes
                0x0000000000000000       0x2d c:/st/stm32cubeide_1.11.2/stm32cubeide/plugins/com.st.stm32cube.ide.mcu.externaltools.gnu-tools-for-stm32.10.3-2021.10.win32_1.0.100.202210260954/tools/bin/../lib/gcc/arm-none-eabi/10.3.1/../../../../arm-none-eabi/lib/thumb/v7-m/nofp\libc_nano.a(lib_a-exit.o)
 .text          0x0000000000000000        0x0 c:/st/stm32cubeide_1.11.2/stm32cubeide/plugins/com.st.stm32cube.ide.mcu.externaltools.gnu-tools-for-stm32.10.3-2021.10.win32_1.0.100.202210260954/tools/bin/../lib/gcc/arm-none-eabi/10.3.1/../../../../arm-none-eabi/lib/thumb/v7-m/nofp\libc_nano.a(lib_a-impure.o)
 .data          0x0000000000000000        0x0 c:/st/stm32cubeide_1.11.2/stm32cubeide/plugins/com.st.stm32cube.ide.mcu.externaltools.gnu-tools-for-stm32.10.3-2021.10.win32_1.0.100.202210260954/tools/bin/../lib/gcc/arm-none-eabi/10.3.1/../../../../arm-none-eabi/lib/thumb/v7-m/nofp\libc_nano.a(lib_a-impure.o)
 .bss           0x0000000000000000        0x0 c:/st/stm32cubeide_1.11.2/stm32cubeide/plugins/com.st.stm32cube.ide.mcu.externaltools.gnu-tools-for-stm32.10.3-2021.10.win32_1.0.100.202210260954/tools/bin/../lib/gcc/arm-none-eabi/10.3.1/../../../../arm-none-eabi/lib/thumb/v7-m/nofp\libc_nano.a(lib_a-impure.o)
 .data._impure_ptr
                0x0000000000000000        0x4 c:/st/stm32cubeide_1.11.2/stm32cubeide/plugins/com.st.stm32cube.ide.mcu.externaltools.gnu-tools-for-stm32.10.3-2021.10.win32_1.0.100.202210260954/tools/bin/../lib/gcc/arm-none-eabi/10.3.1/../../../../arm-none-eabi/lib/thumb/v7-m/nofp\libc_nano.a(lib_a-impure.o)
 .data.impure_data
                0x0000000000000000       0x60 c:/st/stm32cubeide_1.11.2/stm32cubeide/plugins/com.st.stm32cube.ide.mcu.externaltools.gnu-tools-for-stm32.10.3-2021.10.win32_1.0.100.202210260954/tools/bin/../lib/gcc/arm-none-eabi/10.3.1/../../../../arm-none-eabi/lib/thumb/v7-m/nofp\libc_nano.a(lib_a-impure.o)
 .rodata._global_impure_ptr
                0x0000000000000000        0x4 c:/st/stm32cubeide_1.11.2/stm32cubeide/plugins/com.st.stm32cube.ide.mcu.externaltools.gnu-tools-for-stm32.10.3-2021.10.win32_1.0.100.202210260954/tools/bin/../lib/gcc/arm-none-eabi/10.3.1/../../../../arm-none-eabi/lib/thumb/v7-m/nofp\libc_nano.a(lib_a-impure.o)
 .ARM.attributes
                0x0000000000000000       0x2d c:/st/stm32cubeide_1.11.2/stm32cubeide/plugins/com.st.stm32cube.ide.mcu.externaltools.gnu-tools-for-stm32.10.3-2021.10.win32_1.0.100.202210260954/tools/bin/../lib/gcc/arm-none-eabi/10.3.1/../../../../arm-none-eabi/lib/thumb/v7-m/nofp\libc_nano.a(lib_a-impure.o)
 .text          0x0000000000000000        0x0 c:/st/stm32cubeide_1.11.2/stm32cubeide/plugins/com.st.stm32cube.ide.mcu.externaltools.gnu-tools-for-stm32.10.3-2021.10.win32_1.0.100.202210260954/tools/bin/../lib/gcc/arm-none-eabi/10.3.1/../../../../arm-none-eabi/lib/thumb/v7-m/nofp\libc_nano.a(lib_a-init.o)
 .data          0x0000000000000000        0x0 c:/st/stm32cubeide_1.11.2/stm32cubeide/plugins/com.st.stm32cube.ide.mcu.externaltools.gnu-tools-for-stm32.10.3-2021.10.win32_1.0.100.202210260954/tools/bin/../lib/gcc/arm-none-eabi/10.3.1/../../../../arm-none-eabi/lib/thumb/v7-m/nofp\libc_nano.a(lib_a-init.o)
 .bss           0x0000000000000000        0x0 c:/st/stm32cubeide_1.11.2/stm32cubeide/plugins/com.st.stm32cube.ide.mcu.externaltools.gnu-tools-for-stm32.10.3-2021.10.win32_1.0.100.202210260954/tools/bin/../lib/gcc/arm-none-eabi/10.3.1/../../../../arm-none-eabi/lib/thumb/v7-m/nofp\libc_nano.a(lib_a-init.o)
 .text          0x0000000000000000        0x0 c:/st/stm32cubeide_1.11.2/stm32cubeide/plugins/com.st.stm32cube.ide.mcu.externaltools.gnu-tools-for-stm32.10.3-2021.10.win32_1.0.100.202210260954/tools/bin/../lib/gcc/arm-none-eabi/10.3.1/../../../../arm-none-eabi/lib/thumb/v7-m/nofp\libc_nano.a(lib_a-memset.o)
 .data          0x0000000000000000        0x0 c:/st/stm32cubeide_1.11.2/stm32cubeide/plugins/com.st.stm32cube.ide.mcu.externaltools.gnu-tools-for-stm32.10.3-2021.10.win32_1.0.100.202210260954/tools/bin/../lib/gcc/arm-none-eabi/10.3.1/../../../../arm-none-eabi/lib/thumb/v7-m/nofp\libc_nano.a(lib_a-memset.o)
 .bss           0x0000000000000000        0x0 c:/st/stm32cubeide_1.11.2/stm32cubeide/plugins/com.st.stm32cube.ide.mcu.externaltools.gnu-tools-for-stm32.10.3-2021.10.win32_1.0.100.202210260954/tools/bin/../lib/gcc/arm-none-eabi/10.3.1/../../../../arm-none-eabi/lib/thumb/v7-m/nofp\libc_nano.a(lib_a-memset.o)
 .text.memset   0x0000000000000000       0x10 c:/st/stm32cubeide_1.11.2/stm32cubeide/plugins/com.st.stm32cube.ide.mcu.externaltools.gnu-tools-for-stm32.10.3-2021.10.win32_1.0.100.202210260954/tools/bin/../lib/gcc/arm-none-eabi/10.3.1/../../../../arm-none-eabi/lib/thumb/v7-m/nofp\libc_nano.a(lib_a-memset.o)
 .debug_frame   0x0000000000000000       0x20 c:/st/stm32cubeide_1.11.2/stm32cubeide/plugins/com.st.stm32cube.ide.mcu.externaltools.gnu-tools-for-stm32.10.3-2021.10.win32_1.0.100.202210260954/tools/bin/../lib/gcc/arm-none-eabi/10.3.1/../../../../arm-none-eabi/lib/thumb/v7-m/nofp\libc_nano.a(lib_a-memset.o)
 .ARM.attributes
                0x0000000000000000       0x2d c:/st/stm32cubeide_1.11.2/stm32cubeide/plugins/com.st.stm32cube.ide.mcu.externaltools.gnu-tools-for-stm32.10.3-2021.10.win32_1.0.100.202210260954/tools/bin/../lib/gcc/arm-none-eabi/10.3.1/../../../../arm-none-eabi/lib/thumb/v7-m/nofp\libc_nano.a(lib_a-memset.o)
 .text          0x0000000000000000        0x0 c:/st/stm32cubeide_1.11.2/stm32cubeide/plugins/com.st.stm32cube.ide.mcu.externaltools.gnu-tools-for-stm32.10.3-2021.10.win32_1.0.100.202210260954/tools/bin/../lib/gcc/arm-none-eabi/10.3.1/thumb/v7-m/nofp/crtend.o
 .data          0x0000000000000000        0x0 c:/st/stm32cubeide_1.11.2/stm32cubeide/plugins/com.st.stm32cube.ide.mcu.externaltools.gnu-tools-for-stm32.10.3-2021.10.win32_1.0.100.202210260954/tools/bin/../lib/gcc/arm-none-eabi/10.3.1/thumb/v7-m/nofp/crtend.o
 .bss           0x0000000000000000        0x0 c:/st/stm32cubeide_1.11.2/stm32cubeide/plugins/com.st.stm32cube.ide.mcu.externaltools.gnu-tools-for-stm32.10.3-2021.10.win32_1.0.100.202210260954/tools/bin/../lib/gcc/arm-none-eabi/10.3.1/thumb/v7-m/nofp/crtend.o
 .rodata        0x0000000000000000       0x24 c:/st/stm32cubeide_1.11.2/stm32cubeide/plugins/com.st.stm32cube.ide.mcu.externaltools.gnu-tools-for-stm32.10.3-2021.10.win32_1.0.100.202210260954/tools/bin/../lib/gcc/arm-none-eabi/10.3.1/thumb/v7-m/nofp/crtend.o
 .eh_frame      0x0000000000000000        0x4 c:/st/stm32cubeide_1.11.2/stm32cubeide/plugins/com.st.stm32cube.ide.mcu.externaltools.gnu-tools-for-stm32.10.3-2021.10.win32_1.0.100.202210260954/tools/bin/../lib/gcc/arm-none-eabi/10.3.1/thumb/v7-m/nofp/crtend.o
 .ARM.attributes
                0x0000000000000000       0x2d c:/st/stm32cubeide_1.11.2/stm32cubeide/plugins/com.st.stm32cube.ide.mcu.externaltools.gnu-tools-for-stm32.10.3-2021.10.win32_1.0.100.202210260954/tools/bin/../lib/gcc/arm-none-eabi/10.3.1/thumb/v7-m/nofp/crtend.o
 .text          0x0000000000000000        0x0 c:/st/stm32cubeide_1.11.2/stm32cubeide/plugins/com.st.stm32cube.ide.mcu.externaltools.gnu-tools-for-stm32.10.3-2021.10.win32_1.0.100.202210260954/tools/bin/../lib/gcc/arm-none-eabi/10.3.1/thumb/v7-m/nofp/crtn.o
 .data          0x0000000000000000        0x0 c:/st/stm32cubeide_1.11.2/stm32cubeide/plugins/com.st.stm32cube.ide.mcu.externaltools.gnu-tools-for-stm32.10.3-2021.10.win32_1.0.100.202210260954/tools/bin/../lib/gcc/arm-none-eabi/10.3.1/thumb/v7-m/nofp/crtn.o
 .bss           0x0000000000000000        0x0 c:/st/stm32cubeide_1.11.2/stm32cubeide/plugins/com.st.stm32cube.ide.mcu.externaltools.gnu-tools-for-stm32.10.3-2021.10.win32_1.0.100.202210260954/tools/bin/../lib/gcc/arm-none-eabi/10.3.1/thumb/v7-m/nofp/crtn.o

Memory Configuration

Name             Origin             Length             Attributes
RAM              0x0000000020000000 0x0000000000005000 xrw
FLASH            0x0000000008000000 0x0000000000010000 xr
*default*        0x0000000000000000 0xffffffffffffffff

Linker script and memory map

LOAD c:/st/stm32cubeide_1.11.2/stm32cubeide/plugins/com.st.stm32cube.ide.mcu.externaltools.gnu-tools-for-stm32.10.3-2021.10.win32_1.0.100.202210260954/tools/bin/../lib/gcc/arm-none-eabi/10.3.1/thumb/v7-m/nofp/crti.o
LOAD c:/st/stm32cubeide_1.11.2/stm32cubeide/plugins/com.st.stm32cube.ide.mcu.externaltools.gnu-tools-for-stm32.10.3-2021.10.win32_1.0.100.202210260954/tools/bin/../lib/gcc/arm-none-eabi/10.3.1/thumb/v7-m/nofp/crtbegin.o
LOAD c:/st/stm32cubeide_1.11.2/stm32cubeide/plugins/com.st.stm32cube.ide.mcu.externaltools.gnu-tools-for-stm32.10.3-2021.10.win32_1.0.100.202210260954/tools/bin/../lib/gcc/arm-none-eabi/10.3.1/../../../../arm-none-eabi/lib/thumb/v7-m/nofp/crt0.o
LOAD ./Src/ADC_prg.o
LOAD ./Src/DIO_program.o
LOAD ./Src/LCD_prg.o
LOAD ./Src/RCC_program.o
LOAD ./Src/STK_program.o
LOAD ./Src/main.o
LOAD ./Src/syscalls.o
LOAD ./Src/sysmem.o
LOAD ./Startup/startup_stm32f103c8tx.o
START GROUP
LOAD c:/st/stm32cubeide_1.11.2/stm32cubeide/plugins/com.st.stm32cube.ide.mcu.externaltools.gnu-tools-for-stm32.10.3-2021.10.win32_1.0.100.202210260954/tools/bin/../lib/gcc/arm-none-eabi/10.3.1/../../../../arm-none-eabi/lib/thumb/v7-m/nofp\libc_nano.a
LOAD c:/st/stm32cubeide_1.11.2/stm32cubeide/plugins/com.st.stm32cube.ide.mcu.externaltools.gnu-tools-for-stm32.10.3-2021.10.win32_1.0.100.202210260954/tools/bin/../lib/gcc/arm-none-eabi/10.3.1/../../../../arm-none-eabi/lib/thumb/v7-m/nofp\libm.a
END GROUP
START GROUP
LOAD c:/st/stm32cubeide_1.11.2/stm32cubeide/plugins/com.st.stm32cube.ide.mcu.externaltools.gnu-tools-for-stm32.10.3-2021.10.win32_1.0.100.202210260954/tools/bin/../lib/gcc/arm-none-eabi/10.3.1/thumb/v7-m/nofp\libgcc.a
LOAD c:/st/stm32cubeide_1.11.2/stm32cubeide/plugins/com.st.stm32cube.ide.mcu.externaltools.gnu-tools-for-stm32.10.3-2021.10.win32_1.0.100.202210260954/tools/bin/../lib/gcc/arm-none-eabi/10.3.1/../../../../arm-none-eabi/lib/thumb/v7-m/nofp\libc_nano.a
END GROUP
START GROUP
LOAD c:/st/stm32cubeide_1.11.2/stm32cubeide/plugins/com.st.stm32cube.ide.mcu.externaltools.gnu-tools-for-stm32.10.3-2021.10.win32_1.0.100.202210260954/tools/bin/../lib/gcc/arm-none-eabi/10.3.1/thumb/v7-m/nofp\libgcc.a
LOAD c:/st/stm32cubeide_1.11.2/stm32cubeide/plugins/com.st.stm32cube.ide.mcu.externaltools.gnu-tools-for-stm32.10.3-2021.10.win32_1.0.100.202210260954/tools/bin/../lib/gcc/arm-none-eabi/10.3.1/../../../../arm-none-eabi/lib/thumb/v7-m/nofp\libc_nano.a
LOAD c:/st/stm32cubeide_1.11.2/stm32cubeide/plugins/com.st.stm32cube.ide.mcu.externaltools.gnu-tools-for-stm32.10.3-2021.10.win32_1.0.100.202210260954/tools/bin/../lib/gcc/arm-none-eabi/10.3.1/../../../../arm-none-eabi/lib/thumb/v7-m/nofp\libnosys.a
END GROUP
START GROUP
LOAD c:/st/stm32cubeide_1.11.2/stm32cubeide/plugins/com.st.stm32cube.ide.mcu.externaltools.gnu-tools-for-stm32.10.3-2021.10.win32_1.0.100.202210260954/tools/bin/../lib/gcc/arm-none-eabi/10.3.1/thumb/v7-m/nofp\libgcc.a
LOAD c:/st/stm32cubeide_1.11.2/stm32cubeide/plugins/com.st.stm32cube.ide.mcu.externaltools.gnu-tools-for-stm32.10.3-2021.10.win32_1.0.100.202210260954/tools/bin/../lib/gcc/arm-none-eabi/10.3.1/../../../../arm-none-eabi/lib/thumb/v7-m/nofp\libc_nano.a
LOAD c:/st/stm32cubeide_1.11.2/stm32cubeide/plugins/com.st.stm32cube.ide.mcu.externaltools.gnu-tools-for-stm32.10.3-2021.10.win32_1.0.100.202210260954/tools/bin/../lib/gcc/arm-none-eabi/10.3.1/../../../../arm-none-eabi/lib/thumb/v7-m/nofp\libnosys.a
END GROUP
LOAD c:/st/stm32cubeide_1.11.2/stm32cubeide/plugins/com.st.stm32cube.ide.mcu.externaltools.gnu-tools-for-stm32.10.3-2021.10.win32_1.0.100.202210260954/tools/bin/../lib/gcc/arm-none-eabi/10.3.1/thumb/v7-m/nofp/crtend.o
LOAD c:/st/stm32cubeide_1.11.2/stm32cubeide/plugins/com.st.stm32cube.ide.mcu.externaltools.gnu-tools-for-stm32.10.3-2021.10.win32_1.0.100.202210260954/tools/bin/../lib/gcc/arm-none-eabi/10.3.1/thumb/v7-m/nofp/crtn.o
                0x0000000020005000                _estack = (ORIGIN (RAM) + LENGTH (RAM))
                0x0000000000000200                _Min_Heap_Size = 0x200
                0x0000000000000400                _Min_Stack_Size = 0x400

.isr_vector     0x0000000008000000      0x130
                0x0000000008000000                . = ALIGN (0x4)
 *(.isr_vector)
 .isr_vector    0x0000000008000000      0x130 ./Startup/startup_stm32f103c8tx.o
                0x0000000008000000                g_pfnVectors
                0x0000000008000130                . = ALIGN (0x4)

.text           0x0000000008000130      0xc18
                0x0000000008000130                . = ALIGN (0x4)
 *(.text)
 .text          0x0000000008000130       0x40 c:/st/stm32cubeide_1.11.2/stm32cubeide/plugins/com.st.stm32cube.ide.mcu.externaltools.gnu-tools-for-stm32.10.3-2021.10.win32_1.0.100.202210260954/tools/bin/../lib/gcc/arm-none-eabi/10.3.1/thumb/v7-m/nofp/crtbegin.o
 *(.text*)
 .text._delay_ms
                0x0000000008000170       0x32 ./Src/ADC_prg.o
                0x0000000008000170                _delay_ms
 *fill*         0x00000000080001a2        0x2 
 .text.ADC_void_init
                0x00000000080001a4       0x9c ./Src/ADC_prg.o
                0x00000000080001a4                ADC_void_init
 .text.ADC_u16_read
                0x0000000008000240       0x7c ./Src/ADC_prg.o
                0x0000000008000240                ADC_u16_read
 .text.M_DIO_void_setPinDir
                0x00000000080002bc      0x1a8 ./Src/DIO_program.o
                0x00000000080002bc                M_DIO_void_setPinDir
 .text.M_DIO_void_setPinVal
                0x0000000008000464       0xf4 ./Src/DIO_program.o
                0x0000000008000464                M_DIO_void_setPinVal
 .text._delay_ms
                0x0000000008000558       0x32 ./Src/LCD_prg.o
 .text.H_LCD_void_Init
                0x000000000800058a       0xbe ./Src/LCD_prg.o
                0x000000000800058a                H_LCD_void_Init
 .text.H_LCD_void_sendData
                0x0000000008000648       0x24 ./Src/LCD_prg.o
                0x0000000008000648                H_LCD_void_sendData
 .text.H_LCD_void_sendCommand
                0x000000000800066c       0x24 ./Src/LCD_prg.o
                0x000000000800066c                H_LCD_void_sendCommand
 .text.H_LCD_void_sendString
                0x0000000008000690       0x32 ./Src/LCD_prg.o
                0x0000000008000690                H_LCD_void_sendString
 *fill*         0x00000000080006c2        0x2 
 .text.H_LCD_void_sendIntNum
                0x00000000080006c4       0xd8 ./Src/LCD_prg.o
                0x00000000080006c4                H_LCD_void_sendIntNum
 .text.H_LCD_void_gotXY
                0x000000000800079c       0x54 ./Src/LCD_prg.o
                0x000000000800079c                H_LCD_void_gotXY
 .text.H_LCD_void_writeNlatch
                0x00000000080007f0      0x102 ./Src/LCD_prg.o
 *fill*         0x00000000080008f2        0x2 
 .text.MRCC_voidSysClkInit
                0x00000000080008f4       0x38 ./Src/RCC_program.o
                0x00000000080008f4                MRCC_voidSysClkInit
 .text.MRCC_voidEnablePerClk
                0x000000000800092c       0x84 ./Src/RCC_program.o
                0x000000000800092c                MRCC_voidEnablePerClk
 .text.MRCC_voidSetADCPre
                0x00000000080009b0       0x48 ./Src/RCC_program.o
                0x00000000080009b0                MRCC_voidSetADCPre
 .text.SysTick_Handler
                0x00000000080009f8       0x60 ./Src/STK_program.o
                0x00000000080009f8                SysTick_Handler
 .text.main     0x0000000008000a58      0x23c ./Src/main.o
                0x0000000008000a58                main
 .text.Reset_Handler
                0x0000000008000c94       0x50 ./Startup/startup_stm32f103c8tx.o
                0x0000000008000c94                Reset_Handler
 .text.Default_Handler
                0x0000000008000ce4        0x2 ./Startup/startup_stm32f103c8tx.o
                0x0000000008000ce4                EXTI2_IRQHandler
                0x0000000008000ce4                TIM8_TRG_COM_IRQHandler
                0x0000000008000ce4                TIM8_CC_IRQHandler
                0x0000000008000ce4                DebugMon_Handler
                0x0000000008000ce4                TIM1_CC_IRQHandler
                0x0000000008000ce4                HardFault_Handler
                0x0000000008000ce4                TIM6_IRQHandler
                0x0000000008000ce4                PVD_IRQHandler
                0x0000000008000ce4                SDIO_IRQHandler
                0x0000000008000ce4                PendSV_Handler
                0x0000000008000ce4                NMI_Handler
                0x0000000008000ce4                EXTI3_IRQHandler
                0x0000000008000ce4                USB_HP_CAN_TX_IRQHandler
                0x0000000008000ce4                EXTI0_IRQHandler
                0x0000000008000ce4                I2C2_EV_IRQHandler
                0x0000000008000ce4                UsageFault_Handler
                0x0000000008000ce4                ADC1_2_IRQHandler
                0x0000000008000ce4                SPI1_IRQHandler
                0x0000000008000ce4                CAN_SCE_IRQHandler
                0x0000000008000ce4                TAMPER_IRQHandler
                0x0000000008000ce4                TIM8_UP_IRQHandler
                0x0000000008000ce4                DMA2_Channel2_IRQHandler
                0x0000000008000ce4                DMA1_Channel4_IRQHandler
                0x0000000008000ce4                USART3_IRQHandler
                0x0000000008000ce4                RTC_IRQHandler
                0x0000000008000ce4                DMA1_Channel7_IRQHandler
                0x0000000008000ce4                UART5_IRQHandler
                0x0000000008000ce4                ADC3_IRQHandler
                0x0000000008000ce4                TIM4_IRQHandler
                0x0000000008000ce4                CAN_RX1_IRQHandler
                0x0000000008000ce4                DMA2_Channel1_IRQHandler
                0x0000000008000ce4                I2C1_EV_IRQHandler
                0x0000000008000ce4                DMA1_Channel6_IRQHandler
                0x0000000008000ce4                UART4_IRQHandler
                0x0000000008000ce4                TIM3_IRQHandler
                0x0000000008000ce4                RCC_IRQHandler
                0x0000000008000ce4                TIM1_TRG_COM_IRQHandler
                0x0000000008000ce4                DMA1_Channel1_IRQHandler
                0x0000000008000ce4                Default_Handler
                0x0000000008000ce4                EXTI15_10_IRQHandler
                0x0000000008000ce4                TIM7_IRQHandler
                0x0000000008000ce4                TIM5_IRQHandler
                0x0000000008000ce4                EXTI9_5_IRQHandler
                0x0000000008000ce4                SPI2_IRQHandler
                0x0000000008000ce4                USB_LP_CAN_RX0_IRQHandler
                0x0000000008000ce4                MemManage_Handler
                0x0000000008000ce4                SVC_Handler
                0x0000000008000ce4                DMA1_Channel5_IRQHandler
                0x0000000008000ce4                EXTI4_IRQHandler
                0x0000000008000ce4                DMA1_Channel3_IRQHandler
                0x0000000008000ce4                FSMC_IRQHandler
                0x0000000008000ce4                TIM1_UP_IRQHandler
                0x0000000008000ce4                WWDG_IRQHandler
                0x0000000008000ce4                TIM2_IRQHandler
                0x0000000008000ce4                TIM1_BRK_IRQHandler
                0x0000000008000ce4                EXTI1_IRQHandler
                0x0000000008000ce4                RTCAlarm_IRQHandler
                0x0000000008000ce4                DMA2_Channel4_5_IRQHandler
                0x0000000008000ce4                USART2_IRQHandler
                0x0000000008000ce4                I2C2_ER_IRQHandler
                0x0000000008000ce4                DMA1_Channel2_IRQHandler
                0x0000000008000ce4                TIM8_BRK_IRQHandler
                0x0000000008000ce4                FLASH_IRQHandler
                0x0000000008000ce4                BusFault_Handler
                0x0000000008000ce4                USART1_IRQHandler
                0x0000000008000ce4                SPI3_IRQHandler
                0x0000000008000ce4                I2C1_ER_IRQHandler
                0x0000000008000ce4                DMA2_Channel3_IRQHandler
 *fill*         0x0000000008000ce6        0x2 
 .text.__libc_init_array
                0x0000000008000ce8       0x48 c:/st/stm32cubeide_1.11.2/stm32cubeide/plugins/com.st.stm32cube.ide.mcu.externaltools.gnu-tools-for-stm32.10.3-2021.10.win32_1.0.100.202210260954/tools/bin/../lib/gcc/arm-none-eabi/10.3.1/../../../../arm-none-eabi/lib/thumb/v7-m/nofp\libc_nano.a(lib_a-init.o)
                0x0000000008000ce8                __libc_init_array
 *(.glue_7)
 .glue_7        0x0000000008000d30        0x0 linker stubs
 *(.glue_7t)
 .glue_7t       0x0000000008000d30        0x0 linker stubs
 *(.eh_frame)
 .eh_frame      0x0000000008000d30        0x0 c:/st/stm32cubeide_1.11.2/stm32cubeide/plugins/com.st.stm32cube.ide.mcu.externaltools.gnu-tools-for-stm32.10.3-2021.10.win32_1.0.100.202210260954/tools/bin/../lib/gcc/arm-none-eabi/10.3.1/thumb/v7-m/nofp/crtbegin.o
 *(.init)
 .init          0x0000000008000d30        0x4 c:/st/stm32cubeide_1.11.2/stm32cubeide/plugins/com.st.stm32cube.ide.mcu.externaltools.gnu-tools-for-stm32.10.3-2021.10.win32_1.0.100.202210260954/tools/bin/../lib/gcc/arm-none-eabi/10.3.1/thumb/v7-m/nofp/crti.o
                0x0000000008000d30                _init
 .init          0x0000000008000d34        0x8 c:/st/stm32cubeide_1.11.2/stm32cubeide/plugins/com.st.stm32cube.ide.mcu.externaltools.gnu-tools-for-stm32.10.3-2021.10.win32_1.0.100.202210260954/tools/bin/../lib/gcc/arm-none-eabi/10.3.1/thumb/v7-m/nofp/crtn.o
 *(.fini)
 .fini          0x0000000008000d3c        0x4 c:/st/stm32cubeide_1.11.2/stm32cubeide/plugins/com.st.stm32cube.ide.mcu.externaltools.gnu-tools-for-stm32.10.3-2021.10.win32_1.0.100.202210260954/tools/bin/../lib/gcc/arm-none-eabi/10.3.1/thumb/v7-m/nofp/crti.o
                0x0000000008000d3c                _fini
 .fini          0x0000000008000d40        0x8 c:/st/stm32cubeide_1.11.2/stm32cubeide/plugins/com.st.stm32cube.ide.mcu.externaltools.gnu-tools-for-stm32.10.3-2021.10.win32_1.0.100.202210260954/tools/bin/../lib/gcc/arm-none-eabi/10.3.1/thumb/v7-m/nofp/crtn.o
                0x0000000008000d48                . = ALIGN (0x4)
                0x0000000008000d48                _etext = .

.vfp11_veneer   0x0000000008000d48        0x0
 .vfp11_veneer  0x0000000008000d48        0x0 linker stubs

.v4_bx          0x0000000008000d48        0x0
 .v4_bx         0x0000000008000d48        0x0 linker stubs

.iplt           0x0000000008000d48        0x0
 .iplt          0x0000000008000d48        0x0 c:/st/stm32cubeide_1.11.2/stm32cubeide/plugins/com.st.stm32cube.ide.mcu.externaltools.gnu-tools-for-stm32.10.3-2021.10.win32_1.0.100.202210260954/tools/bin/../lib/gcc/arm-none-eabi/10.3.1/thumb/v7-m/nofp/crtbegin.o

.rodata         0x0000000008000d48        0xc
                0x0000000008000d48                . = ALIGN (0x4)
 *(.rodata)
 .rodata        0x0000000008000d48        0xc ./Src/main.o
 *(.rodata*)
                0x0000000008000d54                . = ALIGN (0x4)

.rel.dyn        0x0000000008000d54        0x0
 .rel.iplt      0x0000000008000d54        0x0 c:/st/stm32cubeide_1.11.2/stm32cubeide/plugins/com.st.stm32cube.ide.mcu.externaltools.gnu-tools-for-stm32.10.3-2021.10.win32_1.0.100.202210260954/tools/bin/../lib/gcc/arm-none-eabi/10.3.1/thumb/v7-m/nofp/crtbegin.o

.ARM.extab      0x0000000008000d54        0x0
                0x0000000008000d54                . = ALIGN (0x4)
 *(.ARM.extab* .gnu.linkonce.armextab.*)
                0x0000000008000d54                . = ALIGN (0x4)

.ARM            0x0000000008000d54        0x0
                0x0000000008000d54                . = ALIGN (0x4)
                0x0000000008000d54                __exidx_start = .
 *(.ARM.exidx*)
                0x0000000008000d54                __exidx_end = .
                0x0000000008000d54                . = ALIGN (0x4)

.preinit_array  0x0000000008000d54        0x0
                0x0000000008000d54                . = ALIGN (0x4)
                0x0000000008000d54                PROVIDE (__preinit_array_start = .)
 *(.preinit_array*)
                0x0000000008000d54                PROVIDE (__preinit_array_end = .)
                0x0000000008000d54                . = ALIGN (0x4)

.init_array     0x0000000008000d54        0x4
                0x0000000008000d54                . = ALIGN (0x4)
                0x0000000008000d54                PROVIDE (__init_array_start = .)
 *(SORT_BY_NAME(.init_array.*))
 *(.init_array*)
 .init_array    0x0000000008000d54        0x4 c:/st/stm32cubeide_1.11.2/stm32cubeide/plugins/com.st.stm32cube.ide.mcu.externaltools.gnu-tools-for-stm32.10.3-2021.10.win32_1.0.100.202210260954/tools/bin/../lib/gcc/arm-none-eabi/10.3.1/thumb/v7-m/nofp/crtbegin.o
                0x0000000008000d58                PROVIDE (__init_array_end = .)
                0x0000000008000d58                . = ALIGN (0x4)

.fini_array     0x0000000008000d58        0x4
                0x0000000008000d58                . = ALIGN (0x4)
                [!provide]                        PROVIDE (__fini_array_start = .)
 *(SORT_BY_NAME(.fini_array.*))
 *(.fini_array*)
 .fini_array    0x0000000008000d58        0x4 c:/st/stm32cubeide_1.11.2/stm32cubeide/plugins/com.st.stm32cube.ide.mcu.externaltools.gnu-tools-for-stm32.10.3-2021.10.win32_1.0.100.202210260954/tools/bin/../lib/gcc/arm-none-eabi/10.3.1/thumb/v7-m/nofp/crtbegin.o
                [!provide]                        PROVIDE (__fini_array_end = .)
                0x0000000008000d5c                . = ALIGN (0x4)
                0x0000000008000d5c                _sidata = LOADADDR (.data)

.data           0x0000000020000000        0x0 load address 0x0000000008000d5c
                0x0000000020000000                . = ALIGN (0x4)
                0x0000000020000000                _sdata = .
 *(.data)
 *(.data*)
 *(.RamFunc)
 *(.RamFunc*)
                0x0000000020000000                . = ALIGN (0x4)
                0x0000000020000000                _edata = .

.igot.plt       0x0000000020000000        0x0 load address 0x0000000008000d5c
 .igot.plt      0x0000000020000000        0x0 c:/st/stm32cubeide_1.11.2/stm32cubeide/plugins/com.st.stm32cube.ide.mcu.externaltools.gnu-tools-for-stm32.10.3-2021.10.win32_1.0.100.202210260954/tools/bin/../lib/gcc/arm-none-eabi/10.3.1/thumb/v7-m/nofp/crtbegin.o
                0x0000000020000000                . = ALIGN (0x4)

.bss            0x0000000020000000       0x24 load address 0x0000000008000d5c
                0x0000000020000000                _sbss = .
                0x0000000020000000                __bss_start__ = _sbss
 *(.bss)
 .bss           0x0000000020000000       0x1c c:/st/stm32cubeide_1.11.2/stm32cubeide/plugins/com.st.stm32cube.ide.mcu.externaltools.gnu-tools-for-stm32.10.3-2021.10.win32_1.0.100.202210260954/tools/bin/../lib/gcc/arm-none-eabi/10.3.1/thumb/v7-m/nofp/crtbegin.o
 *(.bss*)
 .bss.SysTick_CallBack
                0x000000002000001c        0x4 ./Src/STK_program.o
 .bss.STK_u8ModeOfInterval
                0x0000000020000020        0x1 ./Src/STK_program.o
 *fill*         0x0000000020000021        0x1 
 .bss.global_u16Reading
                0x0000000020000022        0x2 ./Src/main.o
                0x0000000020000022                global_u16Reading
 *(COMMON)
                0x0000000020000024                . = ALIGN (0x4)
                0x0000000020000024                _ebss = .
                0x0000000020000024                __bss_end__ = _ebss

._user_heap_stack
                0x0000000020000024      0x604 load address 0x0000000008000d5c
                0x0000000020000028                . = ALIGN (0x8)
 *fill*         0x0000000020000024        0x4 
                [!provide]                        PROVIDE (end = .)
                0x0000000020000028                PROVIDE (_end = .)
                0x0000000020000228                . = (. + _Min_Heap_Size)
 *fill*         0x0000000020000028      0x200 
                0x0000000020000628                . = (. + _Min_Stack_Size)
 *fill*         0x0000000020000228      0x400 
                0x0000000020000628                . = ALIGN (0x8)

/DISCARD/
 libc.a(*)
 libm.a(*)
 libgcc.a(*)

.ARM.attributes
                0x0000000000000000       0x29
 *(.ARM.attributes)
 .ARM.attributes
                0x0000000000000000       0x1d c:/st/stm32cubeide_1.11.2/stm32cubeide/plugins/com.st.stm32cube.ide.mcu.externaltools.gnu-tools-for-stm32.10.3-2021.10.win32_1.0.100.202210260954/tools/bin/../lib/gcc/arm-none-eabi/10.3.1/thumb/v7-m/nofp/crti.o
 .ARM.attributes
                0x000000000000001d       0x2d c:/st/stm32cubeide_1.11.2/stm32cubeide/plugins/com.st.stm32cube.ide.mcu.externaltools.gnu-tools-for-stm32.10.3-2021.10.win32_1.0.100.202210260954/tools/bin/../lib/gcc/arm-none-eabi/10.3.1/thumb/v7-m/nofp/crtbegin.o
 .ARM.attributes
                0x000000000000004a       0x2d ./Src/ADC_prg.o
 .ARM.attributes
                0x0000000000000077       0x2d ./Src/DIO_program.o
 .ARM.attributes
                0x00000000000000a4       0x2d ./Src/LCD_prg.o
 .ARM.attributes
                0x00000000000000d1       0x2d ./Src/RCC_program.o
 .ARM.attributes
                0x00000000000000fe       0x2d ./Src/STK_program.o
 .ARM.attributes
                0x000000000000012b       0x2d ./Src/main.o
 .ARM.attributes
                0x0000000000000158       0x21 ./Startup/startup_stm32f103c8tx.o
 .ARM.attributes
                0x0000000000000179       0x2d c:/st/stm32cubeide_1.11.2/stm32cubeide/plugins/com.st.stm32cube.ide.mcu.externaltools.gnu-tools-for-stm32.10.3-2021.10.win32_1.0.100.202210260954/tools/bin/../lib/gcc/arm-none-eabi/10.3.1/../../../../arm-none-eabi/lib/thumb/v7-m/nofp\libc_nano.a(lib_a-init.o)
 .ARM.attributes
                0x00000000000001a6       0x1d c:/st/stm32cubeide_1.11.2/stm32cubeide/plugins/com.st.stm32cube.ide.mcu.externaltools.gnu-tools-for-stm32.10.3-2021.10.win32_1.0.100.202210260954/tools/bin/../lib/gcc/arm-none-eabi/10.3.1/thumb/v7-m/nofp/crtn.o
OUTPUT(ADC_POT.elf elf32-littlearm)
LOAD linker stubs
LOAD c:/st/stm32cubeide_1.11.2/stm32cubeide/plugins/com.st.stm32cube.ide.mcu.externaltools.gnu-tools-for-stm32.10.3-2021.10.win32_1.0.100.202210260954/tools/bin/../lib/gcc/arm-none-eabi/10.3.1/../../../../arm-none-eabi/lib/thumb/v7-m/nofp\libc.a
LOAD c:/st/stm32cubeide_1.11.2/stm32cubeide/plugins/com.st.stm32cube.ide.mcu.externaltools.gnu-tools-for-stm32.10.3-2021.10.win32_1.0.100.202210260954/tools/bin/../lib/gcc/arm-none-eabi/10.3.1/../../../../arm-none-eabi/lib/thumb/v7-m/nofp\libm.a
LOAD c:/st/stm32cubeide_1.11.2/stm32cubeide/plugins/com.st.stm32cube.ide.mcu.externaltools.gnu-tools-for-stm32.10.3-2021.10.win32_1.0.100.202210260954/tools/bin/../lib/gcc/arm-none-eabi/10.3.1/thumb/v7-m/nofp\libgcc.a

.debug_info     0x0000000000000000      0xbd7
 .debug_info    0x0000000000000000      0x26f ./Src/ADC_prg.o
 .debug_info    0x000000000000026f      0x147 ./Src/DIO_program.o
 .debug_info    0x00000000000003b6      0x2bc ./Src/LCD_prg.o
 .debug_info    0x0000000000000672      0x11b ./Src/RCC_program.o
 .debug_info    0x000000000000078d      0x21f ./Src/STK_program.o
 .debug_info    0x00000000000009ac      0x209 ./Src/main.o
 .debug_info    0x0000000000000bb5       0x22 ./Startup/startup_stm32f103c8tx.o

.debug_abbrev   0x0000000000000000      0x593
 .debug_abbrev  0x0000000000000000      0x131 ./Src/ADC_prg.o
 .debug_abbrev  0x0000000000000131       0x81 ./Src/DIO_program.o
 .debug_abbrev  0x00000000000001b2      0x140 ./Src/LCD_prg.o
 .debug_abbrev  0x00000000000002f2       0x78 ./Src/RCC_program.o
 .debug_abbrev  0x000000000000036a      0x12b ./Src/STK_program.o
 .debug_abbrev  0x0000000000000495       0xec ./Src/main.o
 .debug_abbrev  0x0000000000000581       0x12 ./Startup/startup_stm32f103c8tx.o

.debug_aranges  0x0000000000000000      0x1a8
 .debug_aranges
                0x0000000000000000       0x30 ./Src/ADC_prg.o
 .debug_aranges
                0x0000000000000030       0x30 ./Src/DIO_program.o
 .debug_aranges
                0x0000000000000060       0x70 ./Src/LCD_prg.o
 .debug_aranges
                0x00000000000000d0       0x38 ./Src/RCC_program.o
 .debug_aranges
                0x0000000000000108       0x58 ./Src/STK_program.o
 .debug_aranges
                0x0000000000000160       0x20 ./Src/main.o
 .debug_aranges
                0x0000000000000180       0x28 ./Startup/startup_stm32f103c8tx.o

.debug_ranges   0x0000000000000000      0x140
 .debug_ranges  0x0000000000000000       0x20 ./Src/ADC_prg.o
 .debug_ranges  0x0000000000000020       0x20 ./Src/DIO_program.o
 .debug_ranges  0x0000000000000040       0x60 ./Src/LCD_prg.o
 .debug_ranges  0x00000000000000a0       0x28 ./Src/RCC_program.o
 .debug_ranges  0x00000000000000c8       0x48 ./Src/STK_program.o
 .debug_ranges  0x0000000000000110       0x10 ./Src/main.o
 .debug_ranges  0x0000000000000120       0x20 ./Startup/startup_stm32f103c8tx.o

.debug_macro    0x0000000000000000      0xf69
 .debug_macro   0x0000000000000000       0x40 ./Src/ADC_prg.o
 .debug_macro   0x0000000000000040      0xa72 ./Src/ADC_prg.o
 .debug_macro   0x0000000000000ab2       0x10 ./Src/ADC_prg.o
 .debug_macro   0x0000000000000ac2       0x22 ./Src/ADC_prg.o
 .debug_macro   0x0000000000000ae4       0x10 ./Src/ADC_prg.o
 .debug_macro   0x0000000000000af4       0x35 ./Src/DIO_program.o
 .debug_macro   0x0000000000000b29       0x10 ./Src/DIO_program.o
 .debug_macro   0x0000000000000b39       0x22 ./Src/DIO_program.o
 .debug_macro   0x0000000000000b5b       0xf4 ./Src/DIO_program.o
 .debug_macro   0x0000000000000c4f       0x9a ./Src/DIO_program.o
 .debug_macro   0x0000000000000ce9       0x48 ./Src/LCD_prg.o
 .debug_macro   0x0000000000000d31       0x40 ./Src/LCD_prg.o
 .debug_macro   0x0000000000000d71       0x58 ./Src/LCD_prg.o
 .debug_macro   0x0000000000000dc9       0x3e ./Src/RCC_program.o
 .debug_macro   0x0000000000000e07       0x34 ./Src/RCC_program.o
 .debug_macro   0x0000000000000e3b       0x5e ./Src/RCC_program.o
 .debug_macro   0x0000000000000e99       0x10 ./Src/RCC_program.o
 .debug_macro   0x0000000000000ea9       0x3f ./Src/STK_program.o
 .debug_macro   0x0000000000000ee8       0x28 ./Src/STK_program.o
 .debug_macro   0x0000000000000f10       0x10 ./Src/STK_program.o
 .debug_macro   0x0000000000000f20       0x49 ./Src/main.o

.debug_line     0x0000000000000000      0xa33
 .debug_line    0x0000000000000000      0x11e ./Src/ADC_prg.o
 .debug_line    0x000000000000011e      0x222 ./Src/DIO_program.o
 .debug_line    0x0000000000000340      0x25d ./Src/LCD_prg.o
 .debug_line    0x000000000000059d      0x132 ./Src/RCC_program.o
 .debug_line    0x00000000000006cf      0x1c3 ./Src/STK_program.o
 .debug_line    0x0000000000000892      0x11d ./Src/main.o
 .debug_line    0x00000000000009af       0x84 ./Startup/startup_stm32f103c8tx.o

.debug_str      0x0000000000000000     0x3d62
 .debug_str     0x0000000000000000     0x2e99 ./Src/ADC_prg.o
                                       0x2eeb (size before relaxing)
 .debug_str     0x0000000000002e99      0x657 ./Src/DIO_program.o
                                       0x33e3 (size before relaxing)
 .debug_str     0x00000000000034f0      0x34a ./Src/LCD_prg.o
                                       0x3322 (size before relaxing)
 .debug_str     0x000000000000383a      0x2ed ./Src/RCC_program.o
                                       0x3079 (size before relaxing)
 .debug_str     0x0000000000003b27      0x1e5 ./Src/STK_program.o
                                       0x2f71 (size before relaxing)
 .debug_str     0x0000000000003d0c       0x25 ./Src/main.o
                                       0x3191 (size before relaxing)
 .debug_str     0x0000000000003d31       0x31 ./Startup/startup_stm32f103c8tx.o
                                         0x59 (size before relaxing)

.comment        0x0000000000000000       0x50
 .comment       0x0000000000000000       0x50 ./Src/ADC_prg.o
                                         0x51 (size before relaxing)
 .comment       0x0000000000000050       0x51 ./Src/DIO_program.o
 .comment       0x0000000000000050       0x51 ./Src/LCD_prg.o
 .comment       0x0000000000000050       0x51 ./Src/RCC_program.o
 .comment       0x0000000000000050       0x51 ./Src/STK_program.o
 .comment       0x0000000000000050       0x51 ./Src/main.o

.debug_frame    0x0000000000000000      0x4d8
 .debug_frame   0x0000000000000000       0x7c ./Src/ADC_prg.o
 .debug_frame   0x000000000000007c       0x88 ./Src/DIO_program.o
 .debug_frame   0x0000000000000104      0x198 ./Src/LCD_prg.o
 .debug_frame   0x000000000000029c       0xa8 ./Src/RCC_program.o
 .debug_frame   0x0000000000000344      0x13c ./Src/STK_program.o
 .debug_frame   0x0000000000000480       0x2c ./Src/main.o
 .debug_frame   0x00000000000004ac       0x2c c:/st/stm32cubeide_1.11.2/stm32cubeide/plugins/com.st.stm32cube.ide.mcu.externaltools.gnu-tools-for-stm32.10.3-2021.10.win32_1.0.100.202210260954/tools/bin/../lib/gcc/arm-none-eabi/10.3.1/../../../../arm-none-eabi/lib/thumb/v7-m/nofp\libc_nano.a(lib_a-init.o)
