Archive member included to satisfy reference by file (symbol)

c:/st/stm32cubeide_1.11.2/stm32cubeide/plugins/com.st.stm32cube.ide.mcu.externaltools.gnu-tools-for-stm32.10.3-2021.10.win32_1.0.100.202210260954/tools/bin/../lib/gcc/arm-none-eabi/10.3.1/../../../../arm-none-eabi/lib/thumb/v7-m/nofp\libc_nano.a(lib_a-errno.o)
                              ./Src/syscalls.o (__errno)
c:/st/stm32cubeide_1.11.2/stm32cubeide/plugins/com.st.stm32cube.ide.mcu.externaltools.gnu-tools-for-stm32.10.3-2021.10.win32_1.0.100.202210260954/tools/bin/../lib/gcc/arm-none-eabi/10.3.1/../../../../arm-none-eabi/lib/thumb/v7-m/nofp\libc_nano.a(lib_a-exit.o)
                              c:/st/stm32cubeide_1.11.2/stm32cubeide/plugins/com.st.stm32cube.ide.mcu.externaltools.gnu-tools-for-stm32.10.3-2021.10.win32_1.0.100.202210260954/tools/bin/../lib/gcc/arm-none-eabi/10.3.1/../../../../arm-none-eabi/lib/thumb/v7-m/nofp/crt0.o (exit)
c:/st/stm32cubeide_1.11.2/stm32cubeide/plugins/com.st.stm32cube.ide.mcu.externaltools.gnu-tools-for-stm32.10.3-2021.10.win32_1.0.100.202210260954/tools/bin/../lib/gcc/arm-none-eabi/10.3.1/../../../../arm-none-eabi/lib/thumb/v7-m/nofp\libc_nano.a(lib_a-impure.o)
                              c:/st/stm32cubeide_1.11.2/stm32cubeide/plugins/com.st.stm32cube.ide.mcu.externaltools.gnu-tools-for-stm32.10.3-2021.10.win32_1.0.100.202210260954/tools/bin/../lib/gcc/arm-none-eabi/10.3.1/../../../../arm-none-eabi/lib/thumb/v7-m/nofp\libc_nano.a(lib_a-exit.o) (_global_impure_ptr)
c:/st/stm32cubeide_1.11.2/stm32cubeide/plugins/com.st.stm32cube.ide.mcu.externaltools.gnu-tools-for-stm32.10.3-2021.10.win32_1.0.100.202210260954/tools/bin/../lib/gcc/arm-none-eabi/10.3.1/../../../../arm-none-eabi/lib/thumb/v7-m/nofp\libc_nano.a(lib_a-init.o)
                              c:/st/stm32cubeide_1.11.2/stm32cubeide/plugins/com.st.stm32cube.ide.mcu.externaltools.gnu-tools-for-stm32.10.3-2021.10.win32_1.0.100.202210260954/tools/bin/../lib/gcc/arm-none-eabi/10.3.1/../../../../arm-none-eabi/lib/thumb/v7-m/nofp/crt0.o (__libc_init_array)
c:/st/stm32cubeide_1.11.2/stm32cubeide/plugins/com.st.stm32cube.ide.mcu.externaltools.gnu-tools-for-stm32.10.3-2021.10.win32_1.0.100.202210260954/tools/bin/../lib/gcc/arm-none-eabi/10.3.1/../../../../arm-none-eabi/lib/thumb/v7-m/nofp\libc_nano.a(lib_a-memset.o)
                              c:/st/stm32cubeide_1.11.2/stm32cubeide/plugins/com.st.stm32cube.ide.mcu.externaltools.gnu-tools-for-stm32.10.3-2021.10.win32_1.0.100.202210260954/tools/bin/../lib/gcc/arm-none-eabi/10.3.1/../../../../arm-none-eabi/lib/thumb/v7-m/nofp/crt0.o (memset)

Discarded input sections

 .text          0x0000000000000000        0x0 c:/st/stm32cubeide_1.11.2/stm32cubeide/plugins/com.st.stm32cube.ide.mcu.externaltools.gnu-tools-for-stm32.10.3-2021.10.win32_1.0.100.202210260954/tools/bin/../lib/gcc/arm-none-eabi/10.3.1/thumb/v7-m/nofp/crti.o
 .data          0x0000000000000000        0x0 c:/st/stm32cubeide_1.11.2/stm32cubeide/plugins/com.st.stm32cube.ide.mcu.externaltools.gnu-tools-for-stm32.10.3-2021.10.win32_1.0.100.202210260954/tools/bin/../lib/gcc/arm-none-eabi/10.3.1/thumb/v7-m/nofp/crti.o
 .bss           0x0000000000000000        0x0 c:/st/stm32cubeide_1.11.2/stm32cubeide/plugins/com.st.stm32cube.ide.mcu.externaltools.gnu-tools-for-stm32.10.3-2021.10.win32_1.0.100.202210260954/tools/bin/../lib/gcc/arm-none-eabi/10.3.1/thumb/v7-m/nofp/crti.o
 .data          0x0000000000000000        0x4 c:/st/stm32cubeide_1.11.2/stm32cubeide/plugins/com.st.stm32cube.ide.mcu.externaltools.gnu-tools-for-stm32.10.3-2021.10.win32_1.0.100.202210260954/tools/bin/../lib/gcc/arm-none-eabi/10.3.1/thumb/v7-m/nofp/crtbegin.o
 .rodata        0x0000000000000000       0x24 c:/st/stm32cubeide_1.11.2/stm32cubeide/plugins/com.st.stm32cube.ide.mcu.externaltools.gnu-tools-for-stm32.10.3-2021.10.win32_1.0.100.202210260954/tools/bin/../lib/gcc/arm-none-eabi/10.3.1/thumb/v7-m/nofp/crtbegin.o
 .text          0x0000000000000000       0x7c c:/st/stm32cubeide_1.11.2/stm32cubeide/plugins/com.st.stm32cube.ide.mcu.externaltools.gnu-tools-for-stm32.10.3-2021.10.win32_1.0.100.202210260954/tools/bin/../lib/gcc/arm-none-eabi/10.3.1/../../../../arm-none-eabi/lib/thumb/v7-m/nofp/crt0.o
 .data          0x0000000000000000        0x0 c:/st/stm32cubeide_1.11.2/stm32cubeide/plugins/com.st.stm32cube.ide.mcu.externaltools.gnu-tools-for-stm32.10.3-2021.10.win32_1.0.100.202210260954/tools/bin/../lib/gcc/arm-none-eabi/10.3.1/../../../../arm-none-eabi/lib/thumb/v7-m/nofp/crt0.o
 .bss           0x0000000000000000        0x0 c:/st/stm32cubeide_1.11.2/stm32cubeide/plugins/com.st.stm32cube.ide.mcu.externaltools.gnu-tools-for-stm32.10.3-2021.10.win32_1.0.100.202210260954/tools/bin/../lib/gcc/arm-none-eabi/10.3.1/../../../../arm-none-eabi/lib/thumb/v7-m/nofp/crt0.o
 .ARM.extab     0x0000000000000000        0x0 c:/st/stm32cubeide_1.11.2/stm32cubeide/plugins/com.st.stm32cube.ide.mcu.externaltools.gnu-tools-for-stm32.10.3-2021.10.win32_1.0.100.202210260954/tools/bin/../lib/gcc/arm-none-eabi/10.3.1/../../../../arm-none-eabi/lib/thumb/v7-m/nofp/crt0.o
 .ARM.exidx     0x0000000000000000       0x10 c:/st/stm32cubeide_1.11.2/stm32cubeide/plugins/com.st.stm32cube.ide.mcu.externaltools.gnu-tools-for-stm32.10.3-2021.10.win32_1.0.100.202210260954/tools/bin/../lib/gcc/arm-none-eabi/10.3.1/../../../../arm-none-eabi/lib/thumb/v7-m/nofp/crt0.o
 .ARM.attributes
                0x0000000000000000       0x1b c:/st/stm32cubeide_1.11.2/stm32cubeide/plugins/com.st.stm32cube.ide.mcu.externaltools.gnu-tools-for-stm32.10.3-2021.10.win32_1.0.100.202210260954/tools/bin/../lib/gcc/arm-none-eabi/10.3.1/../../../../arm-none-eabi/lib/thumb/v7-m/nofp/crt0.o
 .group         0x0000000000000000        0xc ./Src/DIO_program.o
 .group         0x0000000000000000        0xc ./Src/DIO_program.o
 .group         0x0000000000000000        0xc ./Src/DIO_program.o
 .group         0x0000000000000000        0xc ./Src/DIO_program.o
 .group         0x0000000000000000        0xc ./Src/DIO_program.o
 .text          0x0000000000000000        0x0 ./Src/DIO_program.o
 .data          0x0000000000000000        0x0 ./Src/DIO_program.o
 .bss           0x0000000000000000        0x0 ./Src/DIO_program.o
 .text.MDIO_voidGetPinValue
                0x0000000000000000       0x90 ./Src/DIO_program.o
 .text.MDIO_voidTogPinValue
                0x0000000000000000       0x80 ./Src/DIO_program.o
 .group         0x0000000000000000        0xc ./Src/LCD_prg.o
 .group         0x0000000000000000        0xc ./Src/LCD_prg.o
 .group         0x0000000000000000        0xc ./Src/LCD_prg.o
 .group         0x0000000000000000        0xc ./Src/LCD_prg.o
 .group         0x0000000000000000        0xc ./Src/LCD_prg.o
 .group         0x0000000000000000        0xc ./Src/LCD_prg.o
 .text          0x0000000000000000        0x0 ./Src/LCD_prg.o
 .data          0x0000000000000000        0x0 ./Src/LCD_prg.o
 .bss           0x0000000000000000        0x0 ./Src/LCD_prg.o
 .text._delay_ms
                0x0000000000000000       0x32 ./Src/LCD_prg.o
 .text.H_LCD_void_Init
                0x0000000000000000       0xbe ./Src/LCD_prg.o
 .text.H_LCD_void_sendData
                0x0000000000000000       0x24 ./Src/LCD_prg.o
 .text.H_LCD_void_sendCommand
                0x0000000000000000       0x24 ./Src/LCD_prg.o
 .text.H_LCD_void_sendString
                0x0000000000000000       0x32 ./Src/LCD_prg.o
 .text.H_LCD_void_clear
                0x0000000000000000        0xe ./Src/LCD_prg.o
 .text.H_LCD_void_sendIntNum
                0x0000000000000000       0xc8 ./Src/LCD_prg.o
 .text.H_LCD_void_gotXY
                0x0000000000000000       0x54 ./Src/LCD_prg.o
 .text.H_LCD_void_creatCustomChar
                0x0000000000000000       0x16 ./Src/LCD_prg.o
 .text.H_LCD_void_displayCustomChar
                0x0000000000000000       0x14 ./Src/LCD_prg.o
 .text.H_LCD_void_writeNlatch
                0x0000000000000000      0x102 ./Src/LCD_prg.o
 .debug_info    0x0000000000000000      0x2bc ./Src/LCD_prg.o
 .debug_abbrev  0x0000000000000000      0x140 ./Src/LCD_prg.o
 .debug_aranges
                0x0000000000000000       0x70 ./Src/LCD_prg.o
 .debug_ranges  0x0000000000000000       0x60 ./Src/LCD_prg.o
 .debug_macro   0x0000000000000000       0x48 ./Src/LCD_prg.o
 .debug_macro   0x0000000000000000      0xa72 ./Src/LCD_prg.o
 .debug_macro   0x0000000000000000       0x1c ./Src/LCD_prg.o
 .debug_macro   0x0000000000000000       0x22 ./Src/LCD_prg.o
 .debug_macro   0x0000000000000000       0xe2 ./Src/LCD_prg.o
 .debug_macro   0x0000000000000000       0x40 ./Src/LCD_prg.o
 .debug_macro   0x0000000000000000       0x58 ./Src/LCD_prg.o
 .debug_line    0x0000000000000000      0x25b ./Src/LCD_prg.o
 .debug_str     0x0000000000000000     0x3320 ./Src/LCD_prg.o
 .comment       0x0000000000000000       0x51 ./Src/LCD_prg.o
 .debug_frame   0x0000000000000000      0x198 ./Src/LCD_prg.o
 .ARM.attributes
                0x0000000000000000       0x2d ./Src/LCD_prg.o
 .group         0x0000000000000000        0xc ./Src/PB_prg.o
 .group         0x0000000000000000        0xc ./Src/PB_prg.o
 .group         0x0000000000000000        0xc ./Src/PB_prg.o
 .group         0x0000000000000000        0xc ./Src/PB_prg.o
 .text          0x0000000000000000        0x0 ./Src/PB_prg.o
 .data          0x0000000000000000        0x0 ./Src/PB_prg.o
 .bss           0x0000000000000000        0x0 ./Src/PB_prg.o
 .text._delay_ms
                0x0000000000000000       0x32 ./Src/PB_prg.o
 .text.H_PB_Void_init
                0x0000000000000000       0x20 ./Src/PB_prg.o
 .text.H_PB_Void_read
                0x0000000000000000       0xe2 ./Src/PB_prg.o
 .debug_info    0x0000000000000000      0x1da ./Src/PB_prg.o
 .debug_abbrev  0x0000000000000000      0x12b ./Src/PB_prg.o
 .debug_aranges
                0x0000000000000000       0x30 ./Src/PB_prg.o
 .debug_ranges  0x0000000000000000       0x20 ./Src/PB_prg.o
 .debug_macro   0x0000000000000000       0x40 ./Src/PB_prg.o
 .debug_macro   0x0000000000000000      0xa72 ./Src/PB_prg.o
 .debug_macro   0x0000000000000000       0x1c ./Src/PB_prg.o
 .debug_macro   0x0000000000000000       0xe2 ./Src/PB_prg.o
 .debug_macro   0x0000000000000000       0x22 ./Src/PB_prg.o
 .debug_line    0x0000000000000000      0x141 ./Src/PB_prg.o
 .debug_str     0x0000000000000000     0x3059 ./Src/PB_prg.o
 .comment       0x0000000000000000       0x51 ./Src/PB_prg.o
 .debug_frame   0x0000000000000000       0x80 ./Src/PB_prg.o
 .ARM.attributes
                0x0000000000000000       0x2d ./Src/PB_prg.o
 .group         0x0000000000000000        0xc ./Src/RCC_program.o
 .group         0x0000000000000000        0xc ./Src/RCC_program.o
 .group         0x0000000000000000        0xc ./Src/RCC_program.o
 .group         0x0000000000000000        0xc ./Src/RCC_program.o
 .group         0x0000000000000000        0xc ./Src/RCC_program.o
 .group         0x0000000000000000        0xc ./Src/RCC_program.o
 .text          0x0000000000000000        0x0 ./Src/RCC_program.o
 .data          0x0000000000000000        0x0 ./Src/RCC_program.o
 .bss           0x0000000000000000        0x0 ./Src/RCC_program.o
 .text.MRCC_voidDisablePerClk
                0x0000000000000000       0x88 ./Src/RCC_program.o
 .debug_macro   0x0000000000000000      0xa72 ./Src/RCC_program.o
 .debug_macro   0x0000000000000000       0x1c ./Src/RCC_program.o
 .debug_macro   0x0000000000000000       0x22 ./Src/RCC_program.o
 .group         0x0000000000000000        0xc ./Src/RTOS_main.o
 .group         0x0000000000000000        0xc ./Src/RTOS_main.o
 .group         0x0000000000000000        0xc ./Src/RTOS_main.o
 .group         0x0000000000000000        0xc ./Src/RTOS_main.o
 .group         0x0000000000000000        0xc ./Src/RTOS_main.o
 .text          0x0000000000000000        0x0 ./Src/RTOS_main.o
 .data          0x0000000000000000        0x0 ./Src/RTOS_main.o
 .bss           0x0000000000000000        0x0 ./Src/RTOS_main.o
 .debug_macro   0x0000000000000000      0xa72 ./Src/RTOS_main.o
 .debug_macro   0x0000000000000000       0x1c ./Src/RTOS_main.o
 .debug_macro   0x0000000000000000       0x22 ./Src/RTOS_main.o
 .debug_macro   0x0000000000000000       0x1c ./Src/RTOS_main.o
 .debug_macro   0x0000000000000000       0xe2 ./Src/RTOS_main.o
 .group         0x0000000000000000        0xc ./Src/RTOS_program.o
 .group         0x0000000000000000        0xc ./Src/RTOS_program.o
 .group         0x0000000000000000        0xc ./Src/RTOS_program.o
 .group         0x0000000000000000        0xc ./Src/RTOS_program.o
 .text          0x0000000000000000        0x0 ./Src/RTOS_program.o
 .data          0x0000000000000000        0x0 ./Src/RTOS_program.o
 .bss           0x0000000000000000        0x0 ./Src/RTOS_program.o
 .bss.Ticks     0x0000000000000000        0x2 ./Src/RTOS_program.o
 .debug_macro   0x0000000000000000      0xa72 ./Src/RTOS_program.o
 .debug_macro   0x0000000000000000       0x1c ./Src/RTOS_program.o
 .debug_macro   0x0000000000000000       0x22 ./Src/RTOS_program.o
 .group         0x0000000000000000        0xc ./Src/SSD_prg.o
 .group         0x0000000000000000        0xc ./Src/SSD_prg.o
 .group         0x0000000000000000        0xc ./Src/SSD_prg.o
 .group         0x0000000000000000        0xc ./Src/SSD_prg.o
 .text          0x0000000000000000        0x0 ./Src/SSD_prg.o
 .data          0x0000000000000000        0x0 ./Src/SSD_prg.o
 .bss           0x0000000000000000        0x0 ./Src/SSD_prg.o
 .text._delay_ms
                0x0000000000000000       0x32 ./Src/SSD_prg.o
 .text.H_SSD_Void_init
                0x0000000000000000       0x6c ./Src/SSD_prg.o
 .text.H_SSD_Void_DisplayNumber
                0x0000000000000000      0x6a4 ./Src/SSD_prg.o
 .debug_info    0x0000000000000000      0x14d ./Src/SSD_prg.o
 .debug_abbrev  0x0000000000000000       0xe8 ./Src/SSD_prg.o
 .debug_aranges
                0x0000000000000000       0x30 ./Src/SSD_prg.o
 .debug_ranges  0x0000000000000000       0x20 ./Src/SSD_prg.o
 .debug_macro   0x0000000000000000       0x40 ./Src/SSD_prg.o
 .debug_macro   0x0000000000000000      0xa72 ./Src/SSD_prg.o
 .debug_macro   0x0000000000000000       0x1c ./Src/SSD_prg.o
 .debug_macro   0x0000000000000000       0xe2 ./Src/SSD_prg.o
 .debug_macro   0x0000000000000000       0x94 ./Src/SSD_prg.o
 .debug_line    0x0000000000000000      0x1d5 ./Src/SSD_prg.o
 .debug_str     0x0000000000000000     0x31a1 ./Src/SSD_prg.o
 .comment       0x0000000000000000       0x51 ./Src/SSD_prg.o
 .debug_frame   0x0000000000000000       0x7c ./Src/SSD_prg.o
 .ARM.attributes
                0x0000000000000000       0x2d ./Src/SSD_prg.o
 .group         0x0000000000000000        0xc ./Src/STK_prog.o
 .group         0x0000000000000000        0xc ./Src/STK_prog.o
 .group         0x0000000000000000        0xc ./Src/STK_prog.o
 .group         0x0000000000000000        0xc ./Src/STK_prog.o
 .group         0x0000000000000000        0xc ./Src/STK_prog.o
 .text          0x0000000000000000        0x0 ./Src/STK_prog.o
 .data          0x0000000000000000        0x0 ./Src/STK_prog.o
 .bss           0x0000000000000000        0x0 ./Src/STK_prog.o
 .text.STK_voidBusyWait
                0x0000000000000000       0x54 ./Src/STK_prog.o
 .text.STK_voidSetIntervalSingle
                0x0000000000000000       0x4c ./Src/STK_prog.o
 .text.STK_voidStopInterval
                0x0000000000000000       0x28 ./Src/STK_prog.o
 .text.STK_u32GetElapsedTime
                0x0000000000000000       0x24 ./Src/STK_prog.o
 .text.STK_u32GetRemainingTime
                0x0000000000000000       0x1c ./Src/STK_prog.o
 .debug_macro   0x0000000000000000      0xa72 ./Src/STK_prog.o
 .debug_macro   0x0000000000000000       0x1c ./Src/STK_prog.o
 .debug_macro   0x0000000000000000       0x22 ./Src/STK_prog.o
 .group         0x0000000000000000        0xc ./Src/syscalls.o
 .group         0x0000000000000000        0xc ./Src/syscalls.o
 .group         0x0000000000000000        0xc ./Src/syscalls.o
 .group         0x0000000000000000        0xc ./Src/syscalls.o
 .group         0x0000000000000000        0xc ./Src/syscalls.o
 .group         0x0000000000000000        0xc ./Src/syscalls.o
 .group         0x0000000000000000        0xc ./Src/syscalls.o
 .group         0x0000000000000000        0xc ./Src/syscalls.o
 .group         0x0000000000000000        0xc ./Src/syscalls.o
 .group         0x0000000000000000        0xc ./Src/syscalls.o
 .group         0x0000000000000000        0xc ./Src/syscalls.o
 .group         0x0000000000000000        0xc ./Src/syscalls.o
 .group         0x0000000000000000        0xc ./Src/syscalls.o
 .group         0x0000000000000000        0xc ./Src/syscalls.o
 .group         0x0000000000000000        0xc ./Src/syscalls.o
 .group         0x0000000000000000        0xc ./Src/syscalls.o
 .group         0x0000000000000000        0xc ./Src/syscalls.o
 .group         0x0000000000000000        0xc ./Src/syscalls.o
 .group         0x0000000000000000        0xc ./Src/syscalls.o
 .group         0x0000000000000000        0xc ./Src/syscalls.o
 .group         0x0000000000000000        0xc ./Src/syscalls.o
 .group         0x0000000000000000        0xc ./Src/syscalls.o
 .group         0x0000000000000000        0xc ./Src/syscalls.o
 .group         0x0000000000000000        0xc ./Src/syscalls.o
 .group         0x0000000000000000        0xc ./Src/syscalls.o
 .group         0x0000000000000000        0xc ./Src/syscalls.o
 .group         0x0000000000000000        0xc ./Src/syscalls.o
 .group         0x0000000000000000        0xc ./Src/syscalls.o
 .group         0x0000000000000000        0xc ./Src/syscalls.o
 .group         0x0000000000000000        0xc ./Src/syscalls.o
 .group         0x0000000000000000        0xc ./Src/syscalls.o
 .group         0x0000000000000000        0xc ./Src/syscalls.o
 .group         0x0000000000000000        0xc ./Src/syscalls.o
 .group         0x0000000000000000        0xc ./Src/syscalls.o
 .group         0x0000000000000000        0xc ./Src/syscalls.o
 .group         0x0000000000000000        0xc ./Src/syscalls.o
 .group         0x0000000000000000        0xc ./Src/syscalls.o
 .group         0x0000000000000000        0xc ./Src/syscalls.o
 .group         0x0000000000000000        0xc ./Src/syscalls.o
 .group         0x0000000000000000        0xc ./Src/syscalls.o
 .group         0x0000000000000000        0xc ./Src/syscalls.o
 .group         0x0000000000000000        0xc ./Src/syscalls.o
 .group         0x0000000000000000        0xc ./Src/syscalls.o
 .group         0x0000000000000000        0xc ./Src/syscalls.o
 .group         0x0000000000000000        0xc ./Src/syscalls.o
 .group         0x0000000000000000        0xc ./Src/syscalls.o
 .group         0x0000000000000000        0xc ./Src/syscalls.o
 .text          0x0000000000000000        0x0 ./Src/syscalls.o
 .data          0x0000000000000000        0x0 ./Src/syscalls.o
 .bss           0x0000000000000000        0x0 ./Src/syscalls.o
 .bss.__env     0x0000000000000000        0x4 ./Src/syscalls.o
 .data.environ  0x0000000000000000        0x4 ./Src/syscalls.o
 .text.initialise_monitor_handles
                0x0000000000000000        0xc ./Src/syscalls.o
 .text._getpid  0x0000000000000000        0xe ./Src/syscalls.o
 .text._kill    0x0000000000000000       0x20 ./Src/syscalls.o
 .text._exit    0x0000000000000000       0x14 ./Src/syscalls.o
 .text._read    0x0000000000000000       0x3a ./Src/syscalls.o
 .text._write   0x0000000000000000       0x38 ./Src/syscalls.o
 .text._close   0x0000000000000000       0x16 ./Src/syscalls.o
 .text._fstat   0x0000000000000000       0x1e ./Src/syscalls.o
 .text._isatty  0x0000000000000000       0x14 ./Src/syscalls.o
 .text._lseek   0x0000000000000000       0x18 ./Src/syscalls.o
 .text._open    0x0000000000000000       0x1a ./Src/syscalls.o
 .text._wait    0x0000000000000000       0x1e ./Src/syscalls.o
 .text._unlink  0x0000000000000000       0x1e ./Src/syscalls.o
 .text._times   0x0000000000000000       0x16 ./Src/syscalls.o
 .text._stat    0x0000000000000000       0x1e ./Src/syscalls.o
 .text._link    0x0000000000000000       0x20 ./Src/syscalls.o
 .text._fork    0x0000000000000000       0x16 ./Src/syscalls.o
 .text._execve  0x0000000000000000       0x22 ./Src/syscalls.o
 .debug_info    0x0000000000000000      0x6e0 ./Src/syscalls.o
 .debug_abbrev  0x0000000000000000      0x1b3 ./Src/syscalls.o
 .debug_aranges
                0x0000000000000000       0xa8 ./Src/syscalls.o
 .debug_ranges  0x0000000000000000       0x98 ./Src/syscalls.o
 .debug_macro   0x0000000000000000      0x24c ./Src/syscalls.o
 .debug_macro   0x0000000000000000      0xa72 ./Src/syscalls.o
 .debug_macro   0x0000000000000000       0x22 ./Src/syscalls.o
 .debug_macro   0x0000000000000000       0x4c ./Src/syscalls.o
 .debug_macro   0x0000000000000000       0x18 ./Src/syscalls.o
 .debug_macro   0x0000000000000000       0x94 ./Src/syscalls.o
 .debug_macro   0x0000000000000000       0x3c ./Src/syscalls.o
 .debug_macro   0x0000000000000000       0x34 ./Src/syscalls.o
 .debug_macro   0x0000000000000000       0x57 ./Src/syscalls.o
 .debug_macro   0x0000000000000000      0x174 ./Src/syscalls.o
 .debug_macro   0x0000000000000000      0x341 ./Src/syscalls.o
 .debug_macro   0x0000000000000000       0x16 ./Src/syscalls.o
 .debug_macro   0x0000000000000000       0x43 ./Src/syscalls.o
 .debug_macro   0x0000000000000000       0x34 ./Src/syscalls.o
 .debug_macro   0x0000000000000000       0x10 ./Src/syscalls.o
 .debug_macro   0x0000000000000000       0x58 ./Src/syscalls.o
 .debug_macro   0x0000000000000000       0x71 ./Src/syscalls.o
 .debug_macro   0x0000000000000000       0x1c ./Src/syscalls.o
 .debug_macro   0x0000000000000000      0x12a ./Src/syscalls.o
 .debug_macro   0x0000000000000000       0x10 ./Src/syscalls.o
 .debug_macro   0x0000000000000000       0x35 ./Src/syscalls.o
 .debug_macro   0x0000000000000000       0x10 ./Src/syscalls.o
 .debug_macro   0x0000000000000000       0x10 ./Src/syscalls.o
 .debug_macro   0x0000000000000000       0x10 ./Src/syscalls.o
 .debug_macro   0x0000000000000000       0x6a ./Src/syscalls.o
 .debug_macro   0x0000000000000000       0x1c ./Src/syscalls.o
 .debug_macro   0x0000000000000000       0x52 ./Src/syscalls.o
 .debug_macro   0x0000000000000000       0x22 ./Src/syscalls.o
 .debug_macro   0x0000000000000000       0x10 ./Src/syscalls.o
 .debug_macro   0x0000000000000000       0x52 ./Src/syscalls.o
 .debug_macro   0x0000000000000000       0xd5 ./Src/syscalls.o
 .debug_macro   0x0000000000000000       0x1c ./Src/syscalls.o
 .debug_macro   0x0000000000000000       0x3d ./Src/syscalls.o
 .debug_macro   0x0000000000000000       0x35 ./Src/syscalls.o
 .debug_macro   0x0000000000000000      0x12c ./Src/syscalls.o
 .debug_macro   0x0000000000000000       0x16 ./Src/syscalls.o
 .debug_macro   0x0000000000000000       0x16 ./Src/syscalls.o
 .debug_macro   0x0000000000000000       0x29 ./Src/syscalls.o
 .debug_macro   0x0000000000000000       0x10 ./Src/syscalls.o
 .debug_macro   0x0000000000000000      0x241 ./Src/syscalls.o
 .debug_macro   0x0000000000000000       0x1c ./Src/syscalls.o
 .debug_macro   0x0000000000000000       0x10 ./Src/syscalls.o
 .debug_macro   0x0000000000000000       0x10 ./Src/syscalls.o
 .debug_macro   0x0000000000000000       0x16 ./Src/syscalls.o
 .debug_macro   0x0000000000000000      0x145 ./Src/syscalls.o
 .debug_macro   0x0000000000000000      0x189 ./Src/syscalls.o
 .debug_macro   0x0000000000000000       0x16 ./Src/syscalls.o
 .debug_macro   0x0000000000000000       0xce ./Src/syscalls.o
 .debug_line    0x0000000000000000      0x7f9 ./Src/syscalls.o
 .debug_str     0x0000000000000000     0x8a0b ./Src/syscalls.o
 .comment       0x0000000000000000       0x51 ./Src/syscalls.o
 .debug_frame   0x0000000000000000      0x2ac ./Src/syscalls.o
 .ARM.attributes
                0x0000000000000000       0x2d ./Src/syscalls.o
 .group         0x0000000000000000        0xc ./Src/sysmem.o
 .group         0x0000000000000000        0xc ./Src/sysmem.o
 .group         0x0000000000000000        0xc ./Src/sysmem.o
 .group         0x0000000000000000        0xc ./Src/sysmem.o
 .group         0x0000000000000000        0xc ./Src/sysmem.o
 .group         0x0000000000000000        0xc ./Src/sysmem.o
 .group         0x0000000000000000        0xc ./Src/sysmem.o
 .group         0x0000000000000000        0xc ./Src/sysmem.o
 .group         0x0000000000000000        0xc ./Src/sysmem.o
 .group         0x0000000000000000        0xc ./Src/sysmem.o
 .group         0x0000000000000000        0xc ./Src/sysmem.o
 .group         0x0000000000000000        0xc ./Src/sysmem.o
 .group         0x0000000000000000        0xc ./Src/sysmem.o
 .group         0x0000000000000000        0xc ./Src/sysmem.o
 .group         0x0000000000000000        0xc ./Src/sysmem.o
 .group         0x0000000000000000        0xc ./Src/sysmem.o
 .group         0x0000000000000000        0xc ./Src/sysmem.o
 .group         0x0000000000000000        0xc ./Src/sysmem.o
 .group         0x0000000000000000        0xc ./Src/sysmem.o
 .group         0x0000000000000000        0xc ./Src/sysmem.o
 .group         0x0000000000000000        0xc ./Src/sysmem.o
 .group         0x0000000000000000        0xc ./Src/sysmem.o
 .text          0x0000000000000000        0x0 ./Src/sysmem.o
 .data          0x0000000000000000        0x0 ./Src/sysmem.o
 .bss           0x0000000000000000        0x0 ./Src/sysmem.o
 .bss.__sbrk_heap_end
                0x0000000000000000        0x4 ./Src/sysmem.o
 .text._sbrk    0x0000000000000000       0x6c ./Src/sysmem.o
 .debug_info    0x0000000000000000      0x171 ./Src/sysmem.o
 .debug_abbrev  0x0000000000000000       0xbb ./Src/sysmem.o
 .debug_aranges
                0x0000000000000000       0x20 ./Src/sysmem.o
 .debug_ranges  0x0000000000000000       0x10 ./Src/sysmem.o
 .debug_macro   0x0000000000000000       0xff ./Src/sysmem.o
 .debug_macro   0x0000000000000000      0xa72 ./Src/sysmem.o
 .debug_macro   0x0000000000000000       0x10 ./Src/sysmem.o
 .debug_macro   0x0000000000000000       0x22 ./Src/sysmem.o
 .debug_macro   0x0000000000000000       0x4c ./Src/sysmem.o
 .debug_macro   0x0000000000000000       0x18 ./Src/sysmem.o
 .debug_macro   0x0000000000000000       0x94 ./Src/sysmem.o
 .debug_macro   0x0000000000000000       0x3c ./Src/sysmem.o
 .debug_macro   0x0000000000000000       0x34 ./Src/sysmem.o
 .debug_macro   0x0000000000000000      0x174 ./Src/sysmem.o
 .debug_macro   0x0000000000000000       0x16 ./Src/sysmem.o
 .debug_macro   0x0000000000000000       0x43 ./Src/sysmem.o
 .debug_macro   0x0000000000000000       0x57 ./Src/sysmem.o
 .debug_macro   0x0000000000000000       0x34 ./Src/sysmem.o
 .debug_macro   0x0000000000000000       0x10 ./Src/sysmem.o
 .debug_macro   0x0000000000000000       0x58 ./Src/sysmem.o
 .debug_macro   0x0000000000000000       0x71 ./Src/sysmem.o
 .debug_macro   0x0000000000000000       0x1c ./Src/sysmem.o
 .debug_macro   0x0000000000000000      0x12a ./Src/sysmem.o
 .debug_macro   0x0000000000000000      0x23b ./Src/sysmem.o
 .debug_macro   0x0000000000000000      0x103 ./Src/sysmem.o
 .debug_macro   0x0000000000000000       0x6a ./Src/sysmem.o
 .debug_macro   0x0000000000000000      0x1df ./Src/sysmem.o
 .debug_line    0x0000000000000000      0x4ef ./Src/sysmem.o
 .debug_str     0x0000000000000000     0x5d47 ./Src/sysmem.o
 .comment       0x0000000000000000       0x51 ./Src/sysmem.o
 .debug_frame   0x0000000000000000       0x34 ./Src/sysmem.o
 .ARM.attributes
                0x0000000000000000       0x2d ./Src/sysmem.o
 .text          0x0000000000000000       0x14 ./Startup/startup_stm32f103c8tx.o
 .data          0x0000000000000000        0x0 ./Startup/startup_stm32f103c8tx.o
 .bss           0x0000000000000000        0x0 ./Startup/startup_stm32f103c8tx.o
 .text          0x0000000000000000        0x0 c:/st/stm32cubeide_1.11.2/stm32cubeide/plugins/com.st.stm32cube.ide.mcu.externaltools.gnu-tools-for-stm32.10.3-2021.10.win32_1.0.100.202210260954/tools/bin/../lib/gcc/arm-none-eabi/10.3.1/../../../../arm-none-eabi/lib/thumb/v7-m/nofp\libc_nano.a(lib_a-errno.o)
 .data          0x0000000000000000        0x0 c:/st/stm32cubeide_1.11.2/stm32cubeide/plugins/com.st.stm32cube.ide.mcu.externaltools.gnu-tools-for-stm32.10.3-2021.10.win32_1.0.100.202210260954/tools/bin/../lib/gcc/arm-none-eabi/10.3.1/../../../../arm-none-eabi/lib/thumb/v7-m/nofp\libc_nano.a(lib_a-errno.o)
 .bss           0x0000000000000000        0x0 c:/st/stm32cubeide_1.11.2/stm32cubeide/plugins/com.st.stm32cube.ide.mcu.externaltools.gnu-tools-for-stm32.10.3-2021.10.win32_1.0.100.202210260954/tools/bin/../lib/gcc/arm-none-eabi/10.3.1/../../../../arm-none-eabi/lib/thumb/v7-m/nofp\libc_nano.a(lib_a-errno.o)
 .text.__errno  0x0000000000000000        0xc c:/st/stm32cubeide_1.11.2/stm32cubeide/plugins/com.st.stm32cube.ide.mcu.externaltools.gnu-tools-for-stm32.10.3-2021.10.win32_1.0.100.202210260954/tools/bin/../lib/gcc/arm-none-eabi/10.3.1/../../../../arm-none-eabi/lib/thumb/v7-m/nofp\libc_nano.a(lib_a-errno.o)
 .debug_frame   0x0000000000000000       0x20 c:/st/stm32cubeide_1.11.2/stm32cubeide/plugins/com.st.stm32cube.ide.mcu.externaltools.gnu-tools-for-stm32.10.3-2021.10.win32_1.0.100.202210260954/tools/bin/../lib/gcc/arm-none-eabi/10.3.1/../../../../arm-none-eabi/lib/thumb/v7-m/nofp\libc_nano.a(lib_a-errno.o)
 .ARM.attributes
                0x0000000000000000       0x2d c:/st/stm32cubeide_1.11.2/stm32cubeide/plugins/com.st.stm32cube.ide.mcu.externaltools.gnu-tools-for-stm32.10.3-2021.10.win32_1.0.100.202210260954/tools/bin/../lib/gcc/arm-none-eabi/10.3.1/../../../../arm-none-eabi/lib/thumb/v7-m/nofp\libc_nano.a(lib_a-errno.o)
 .text          0x0000000000000000        0x0 c:/st/stm32cubeide_1.11.2/stm32cubeide/plugins/com.st.stm32cube.ide.mcu.externaltools.gnu-tools-for-stm32.10.3-2021.10.win32_1.0.100.202210260954/tools/bin/../lib/gcc/arm-none-eabi/10.3.1/../../../../arm-none-eabi/lib/thumb/v7-m/nofp\libc_nano.a(lib_a-exit.o)
 .data          0x0000000000000000        0x0 c:/st/stm32cubeide_1.11.2/stm32cubeide/plugins/com.st.stm32cube.ide.mcu.externaltools.gnu-tools-for-stm32.10.3-2021.10.win32_1.0.100.202210260954/tools/bin/../lib/gcc/arm-none-eabi/10.3.1/../../../../arm-none-eabi/lib/thumb/v7-m/nofp\libc_nano.a(lib_a-exit.o)
 .bss           0x0000000000000000        0x0 c:/st/stm32cubeide_1.11.2/stm32cubeide/plugins/com.st.stm32cube.ide.mcu.externaltools.gnu-tools-for-stm32.10.3-2021.10.win32_1.0.100.202210260954/tools/bin/../lib/gcc/arm-none-eabi/10.3.1/../../../../arm-none-eabi/lib/thumb/v7-m/nofp\libc_nano.a(lib_a-exit.o)
 .text.exit     0x0000000000000000       0x28 c:/st/stm32cubeide_1.11.2/stm32cubeide/plugins/com.st.stm32cube.ide.mcu.externaltools.gnu-tools-for-stm32.10.3-2021.10.win32_1.0.100.202210260954/tools/bin/../lib/gcc/arm-none-eabi/10.3.1/../../../../arm-none-eabi/lib/thumb/v7-m/nofp\libc_nano.a(lib_a-exit.o)
 .debug_frame   0x0000000000000000       0x28 c:/st/stm32cubeide_1.11.2/stm32cubeide/plugins/com.st.stm32cube.ide.mcu.externaltools.gnu-tools-for-stm32.10.3-2021.10.win32_1.0.100.202210260954/tools/bin/../lib/gcc/arm-none-eabi/10.3.1/../../../../arm-none-eabi/lib/thumb/v7-m/nofp\libc_nano.a(lib_a-exit.o)
 .ARM.attributes
                0x0000000000000000       0x2d c:/st/stm32cubeide_1.11.2/stm32cubeide/plugins/com.st.stm32cube.ide.mcu.externaltools.gnu-tools-for-stm32.10.3-2021.10.win32_1.0.100.202210260954/tools/bin/../lib/gcc/arm-none-eabi/10.3.1/../../../../arm-none-eabi/lib/thumb/v7-m/nofp\libc_nano.a(lib_a-exit.o)
 .text          0x0000000000000000        0x0 c:/st/stm32cubeide_1.11.2/stm32cubeide/plugins/com.st.stm32cube.ide.mcu.externaltools.gnu-tools-for-stm32.10.3-2021.10.win32_1.0.100.202210260954/tools/bin/../lib/gcc/arm-none-eabi/10.3.1/../../../../arm-none-eabi/lib/thumb/v7-m/nofp\libc_nano.a(lib_a-impure.o)
 .data          0x0000000000000000        0x0 c:/st/stm32cubeide_1.11.2/stm32cubeide/plugins/com.st.stm32cube.ide.mcu.externaltools.gnu-tools-for-stm32.10.3-2021.10.win32_1.0.100.202210260954/tools/bin/../lib/gcc/arm-none-eabi/10.3.1/../../../../arm-none-eabi/lib/thumb/v7-m/nofp\libc_nano.a(lib_a-impure.o)
 .bss           0x0000000000000000        0x0 c:/st/stm32cubeide_1.11.2/stm32cubeide/plugins/com.st.stm32cube.ide.mcu.externaltools.gnu-tools-for-stm32.10.3-2021.10.win32_1.0.100.202210260954/tools/bin/../lib/gcc/arm-none-eabi/10.3.1/../../../../arm-none-eabi/lib/thumb/v7-m/nofp\libc_nano.a(lib_a-impure.o)
 .data._impure_ptr
                0x0000000000000000        0x4 c:/st/stm32cubeide_1.11.2/stm32cubeide/plugins/com.st.stm32cube.ide.mcu.externaltools.gnu-tools-for-stm32.10.3-2021.10.win32_1.0.100.202210260954/tools/bin/../lib/gcc/arm-none-eabi/10.3.1/../../../../arm-none-eabi/lib/thumb/v7-m/nofp\libc_nano.a(lib_a-impure.o)
 .data.impure_data
                0x0000000000000000       0x60 c:/st/stm32cubeide_1.11.2/stm32cubeide/plugins/com.st.stm32cube.ide.mcu.externaltools.gnu-tools-for-stm32.10.3-2021.10.win32_1.0.100.202210260954/tools/bin/../lib/gcc/arm-none-eabi/10.3.1/../../../../arm-none-eabi/lib/thumb/v7-m/nofp\libc_nano.a(lib_a-impure.o)
 .rodata._global_impure_ptr
                0x0000000000000000        0x4 c:/st/stm32cubeide_1.11.2/stm32cubeide/plugins/com.st.stm32cube.ide.mcu.externaltools.gnu-tools-for-stm32.10.3-2021.10.win32_1.0.100.202210260954/tools/bin/../lib/gcc/arm-none-eabi/10.3.1/../../../../arm-none-eabi/lib/thumb/v7-m/nofp\libc_nano.a(lib_a-impure.o)
 .ARM.attributes
                0x0000000000000000       0x2d c:/st/stm32cubeide_1.11.2/stm32cubeide/plugins/com.st.stm32cube.ide.mcu.externaltools.gnu-tools-for-stm32.10.3-2021.10.win32_1.0.100.202210260954/tools/bin/../lib/gcc/arm-none-eabi/10.3.1/../../../../arm-none-eabi/lib/thumb/v7-m/nofp\libc_nano.a(lib_a-impure.o)
 .text          0x0000000000000000        0x0 c:/st/stm32cubeide_1.11.2/stm32cubeide/plugins/com.st.stm32cube.ide.mcu.externaltools.gnu-tools-for-stm32.10.3-2021.10.win32_1.0.100.202210260954/tools/bin/../lib/gcc/arm-none-eabi/10.3.1/../../../../arm-none-eabi/lib/thumb/v7-m/nofp\libc_nano.a(lib_a-init.o)
 .data          0x0000000000000000        0x0 c:/st/stm32cubeide_1.11.2/stm32cubeide/plugins/com.st.stm32cube.ide.mcu.externaltools.gnu-tools-for-stm32.10.3-2021.10.win32_1.0.100.202210260954/tools/bin/../lib/gcc/arm-none-eabi/10.3.1/../../../../arm-none-eabi/lib/thumb/v7-m/nofp\libc_nano.a(lib_a-init.o)
 .bss           0x0000000000000000        0x0 c:/st/stm32cubeide_1.11.2/stm32cubeide/plugins/com.st.stm32cube.ide.mcu.externaltools.gnu-tools-for-stm32.10.3-2021.10.win32_1.0.100.202210260954/tools/bin/../lib/gcc/arm-none-eabi/10.3.1/../../../../arm-none-eabi/lib/thumb/v7-m/nofp\libc_nano.a(lib_a-init.o)
 .text          0x0000000000000000        0x0 c:/st/stm32cubeide_1.11.2/stm32cubeide/plugins/com.st.stm32cube.ide.mcu.externaltools.gnu-tools-for-stm32.10.3-2021.10.win32_1.0.100.202210260954/tools/bin/../lib/gcc/arm-none-eabi/10.3.1/../../../../arm-none-eabi/lib/thumb/v7-m/nofp\libc_nano.a(lib_a-memset.o)
 .data          0x0000000000000000        0x0 c:/st/stm32cubeide_1.11.2/stm32cubeide/plugins/com.st.stm32cube.ide.mcu.externaltools.gnu-tools-for-stm32.10.3-2021.10.win32_1.0.100.202210260954/tools/bin/../lib/gcc/arm-none-eabi/10.3.1/../../../../arm-none-eabi/lib/thumb/v7-m/nofp\libc_nano.a(lib_a-memset.o)
 .bss           0x0000000000000000        0x0 c:/st/stm32cubeide_1.11.2/stm32cubeide/plugins/com.st.stm32cube.ide.mcu.externaltools.gnu-tools-for-stm32.10.3-2021.10.win32_1.0.100.202210260954/tools/bin/../lib/gcc/arm-none-eabi/10.3.1/../../../../arm-none-eabi/lib/thumb/v7-m/nofp\libc_nano.a(lib_a-memset.o)
 .text.memset   0x0000000000000000       0x10 c:/st/stm32cubeide_1.11.2/stm32cubeide/plugins/com.st.stm32cube.ide.mcu.externaltools.gnu-tools-for-stm32.10.3-2021.10.win32_1.0.100.202210260954/tools/bin/../lib/gcc/arm-none-eabi/10.3.1/../../../../arm-none-eabi/lib/thumb/v7-m/nofp\libc_nano.a(lib_a-memset.o)
 .debug_frame   0x0000000000000000       0x20 c:/st/stm32cubeide_1.11.2/stm32cubeide/plugins/com.st.stm32cube.ide.mcu.externaltools.gnu-tools-for-stm32.10.3-2021.10.win32_1.0.100.202210260954/tools/bin/../lib/gcc/arm-none-eabi/10.3.1/../../../../arm-none-eabi/lib/thumb/v7-m/nofp\libc_nano.a(lib_a-memset.o)
 .ARM.attributes
                0x0000000000000000       0x2d c:/st/stm32cubeide_1.11.2/stm32cubeide/plugins/com.st.stm32cube.ide.mcu.externaltools.gnu-tools-for-stm32.10.3-2021.10.win32_1.0.100.202210260954/tools/bin/../lib/gcc/arm-none-eabi/10.3.1/../../../../arm-none-eabi/lib/thumb/v7-m/nofp\libc_nano.a(lib_a-memset.o)
 .text          0x0000000000000000        0x0 c:/st/stm32cubeide_1.11.2/stm32cubeide/plugins/com.st.stm32cube.ide.mcu.externaltools.gnu-tools-for-stm32.10.3-2021.10.win32_1.0.100.202210260954/tools/bin/../lib/gcc/arm-none-eabi/10.3.1/thumb/v7-m/nofp/crtend.o
 .data          0x0000000000000000        0x0 c:/st/stm32cubeide_1.11.2/stm32cubeide/plugins/com.st.stm32cube.ide.mcu.externaltools.gnu-tools-for-stm32.10.3-2021.10.win32_1.0.100.202210260954/tools/bin/../lib/gcc/arm-none-eabi/10.3.1/thumb/v7-m/nofp/crtend.o
 .bss           0x0000000000000000        0x0 c:/st/stm32cubeide_1.11.2/stm32cubeide/plugins/com.st.stm32cube.ide.mcu.externaltools.gnu-tools-for-stm32.10.3-2021.10.win32_1.0.100.202210260954/tools/bin/../lib/gcc/arm-none-eabi/10.3.1/thumb/v7-m/nofp/crtend.o
 .rodata        0x0000000000000000       0x24 c:/st/stm32cubeide_1.11.2/stm32cubeide/plugins/com.st.stm32cube.ide.mcu.externaltools.gnu-tools-for-stm32.10.3-2021.10.win32_1.0.100.202210260954/tools/bin/../lib/gcc/arm-none-eabi/10.3.1/thumb/v7-m/nofp/crtend.o
 .eh_frame      0x0000000000000000        0x4 c:/st/stm32cubeide_1.11.2/stm32cubeide/plugins/com.st.stm32cube.ide.mcu.externaltools.gnu-tools-for-stm32.10.3-2021.10.win32_1.0.100.202210260954/tools/bin/../lib/gcc/arm-none-eabi/10.3.1/thumb/v7-m/nofp/crtend.o
 .ARM.attributes
                0x0000000000000000       0x2d c:/st/stm32cubeide_1.11.2/stm32cubeide/plugins/com.st.stm32cube.ide.mcu.externaltools.gnu-tools-for-stm32.10.3-2021.10.win32_1.0.100.202210260954/tools/bin/../lib/gcc/arm-none-eabi/10.3.1/thumb/v7-m/nofp/crtend.o
 .text          0x0000000000000000        0x0 c:/st/stm32cubeide_1.11.2/stm32cubeide/plugins/com.st.stm32cube.ide.mcu.externaltools.gnu-tools-for-stm32.10.3-2021.10.win32_1.0.100.202210260954/tools/bin/../lib/gcc/arm-none-eabi/10.3.1/thumb/v7-m/nofp/crtn.o
 .data          0x0000000000000000        0x0 c:/st/stm32cubeide_1.11.2/stm32cubeide/plugins/com.st.stm32cube.ide.mcu.externaltools.gnu-tools-for-stm32.10.3-2021.10.win32_1.0.100.202210260954/tools/bin/../lib/gcc/arm-none-eabi/10.3.1/thumb/v7-m/nofp/crtn.o
 .bss           0x0000000000000000        0x0 c:/st/stm32cubeide_1.11.2/stm32cubeide/plugins/com.st.stm32cube.ide.mcu.externaltools.gnu-tools-for-stm32.10.3-2021.10.win32_1.0.100.202210260954/tools/bin/../lib/gcc/arm-none-eabi/10.3.1/thumb/v7-m/nofp/crtn.o

Memory Configuration

Name             Origin             Length             Attributes
RAM              0x0000000020000000 0x0000000000005000 xrw
FLASH            0x0000000008000000 0x0000000000010000 xr
*default*        0x0000000000000000 0xffffffffffffffff

Linker script and memory map

LOAD c:/st/stm32cubeide_1.11.2/stm32cubeide/plugins/com.st.stm32cube.ide.mcu.externaltools.gnu-tools-for-stm32.10.3-2021.10.win32_1.0.100.202210260954/tools/bin/../lib/gcc/arm-none-eabi/10.3.1/thumb/v7-m/nofp/crti.o
LOAD c:/st/stm32cubeide_1.11.2/stm32cubeide/plugins/com.st.stm32cube.ide.mcu.externaltools.gnu-tools-for-stm32.10.3-2021.10.win32_1.0.100.202210260954/tools/bin/../lib/gcc/arm-none-eabi/10.3.1/thumb/v7-m/nofp/crtbegin.o
LOAD c:/st/stm32cubeide_1.11.2/stm32cubeide/plugins/com.st.stm32cube.ide.mcu.externaltools.gnu-tools-for-stm32.10.3-2021.10.win32_1.0.100.202210260954/tools/bin/../lib/gcc/arm-none-eabi/10.3.1/../../../../arm-none-eabi/lib/thumb/v7-m/nofp/crt0.o
LOAD ./Src/DIO_program.o
LOAD ./Src/LCD_prg.o
LOAD ./Src/PB_prg.o
LOAD ./Src/RCC_program.o
LOAD ./Src/RTOS_main.o
LOAD ./Src/RTOS_program.o
LOAD ./Src/SSD_prg.o
LOAD ./Src/STK_prog.o
LOAD ./Src/syscalls.o
LOAD ./Src/sysmem.o
LOAD ./Startup/startup_stm32f103c8tx.o
START GROUP
LOAD c:/st/stm32cubeide_1.11.2/stm32cubeide/plugins/com.st.stm32cube.ide.mcu.externaltools.gnu-tools-for-stm32.10.3-2021.10.win32_1.0.100.202210260954/tools/bin/../lib/gcc/arm-none-eabi/10.3.1/../../../../arm-none-eabi/lib/thumb/v7-m/nofp\libc_nano.a
LOAD c:/st/stm32cubeide_1.11.2/stm32cubeide/plugins/com.st.stm32cube.ide.mcu.externaltools.gnu-tools-for-stm32.10.3-2021.10.win32_1.0.100.202210260954/tools/bin/../lib/gcc/arm-none-eabi/10.3.1/../../../../arm-none-eabi/lib/thumb/v7-m/nofp\libm.a
END GROUP
START GROUP
LOAD c:/st/stm32cubeide_1.11.2/stm32cubeide/plugins/com.st.stm32cube.ide.mcu.externaltools.gnu-tools-for-stm32.10.3-2021.10.win32_1.0.100.202210260954/tools/bin/../lib/gcc/arm-none-eabi/10.3.1/thumb/v7-m/nofp\libgcc.a
LOAD c:/st/stm32cubeide_1.11.2/stm32cubeide/plugins/com.st.stm32cube.ide.mcu.externaltools.gnu-tools-for-stm32.10.3-2021.10.win32_1.0.100.202210260954/tools/bin/../lib/gcc/arm-none-eabi/10.3.1/../../../../arm-none-eabi/lib/thumb/v7-m/nofp\libc_nano.a
END GROUP
START GROUP
LOAD c:/st/stm32cubeide_1.11.2/stm32cubeide/plugins/com.st.stm32cube.ide.mcu.externaltools.gnu-tools-for-stm32.10.3-2021.10.win32_1.0.100.202210260954/tools/bin/../lib/gcc/arm-none-eabi/10.3.1/thumb/v7-m/nofp\libgcc.a
LOAD c:/st/stm32cubeide_1.11.2/stm32cubeide/plugins/com.st.stm32cube.ide.mcu.externaltools.gnu-tools-for-stm32.10.3-2021.10.win32_1.0.100.202210260954/tools/bin/../lib/gcc/arm-none-eabi/10.3.1/../../../../arm-none-eabi/lib/thumb/v7-m/nofp\libc_nano.a
LOAD c:/st/stm32cubeide_1.11.2/stm32cubeide/plugins/com.st.stm32cube.ide.mcu.externaltools.gnu-tools-for-stm32.10.3-2021.10.win32_1.0.100.202210260954/tools/bin/../lib/gcc/arm-none-eabi/10.3.1/../../../../arm-none-eabi/lib/thumb/v7-m/nofp\libnosys.a
END GROUP
START GROUP
LOAD c:/st/stm32cubeide_1.11.2/stm32cubeide/plugins/com.st.stm32cube.ide.mcu.externaltools.gnu-tools-for-stm32.10.3-2021.10.win32_1.0.100.202210260954/tools/bin/../lib/gcc/arm-none-eabi/10.3.1/thumb/v7-m/nofp\libgcc.a
LOAD c:/st/stm32cubeide_1.11.2/stm32cubeide/plugins/com.st.stm32cube.ide.mcu.externaltools.gnu-tools-for-stm32.10.3-2021.10.win32_1.0.100.202210260954/tools/bin/../lib/gcc/arm-none-eabi/10.3.1/../../../../arm-none-eabi/lib/thumb/v7-m/nofp\libc_nano.a
LOAD c:/st/stm32cubeide_1.11.2/stm32cubeide/plugins/com.st.stm32cube.ide.mcu.externaltools.gnu-tools-for-stm32.10.3-2021.10.win32_1.0.100.202210260954/tools/bin/../lib/gcc/arm-none-eabi/10.3.1/../../../../arm-none-eabi/lib/thumb/v7-m/nofp\libnosys.a
END GROUP
LOAD c:/st/stm32cubeide_1.11.2/stm32cubeide/plugins/com.st.stm32cube.ide.mcu.externaltools.gnu-tools-for-stm32.10.3-2021.10.win32_1.0.100.202210260954/tools/bin/../lib/gcc/arm-none-eabi/10.3.1/thumb/v7-m/nofp/crtend.o
LOAD c:/st/stm32cubeide_1.11.2/stm32cubeide/plugins/com.st.stm32cube.ide.mcu.externaltools.gnu-tools-for-stm32.10.3-2021.10.win32_1.0.100.202210260954/tools/bin/../lib/gcc/arm-none-eabi/10.3.1/thumb/v7-m/nofp/crtn.o
                0x0000000020005000                _estack = (ORIGIN (RAM) + LENGTH (RAM))
                0x0000000000000200                _Min_Heap_Size = 0x200
                0x0000000000000400                _Min_Stack_Size = 0x400

.isr_vector     0x0000000008000000      0x130
                0x0000000008000000                . = ALIGN (0x4)
 *(.isr_vector)
 .isr_vector    0x0000000008000000      0x130 ./Startup/startup_stm32f103c8tx.o
                0x0000000008000000                g_pfnVectors
                0x0000000008000130                . = ALIGN (0x4)

.text           0x0000000008000130      0x6ec
                0x0000000008000130                . = ALIGN (0x4)
 *(.text)
 .text          0x0000000008000130       0x40 c:/st/stm32cubeide_1.11.2/stm32cubeide/plugins/com.st.stm32cube.ide.mcu.externaltools.gnu-tools-for-stm32.10.3-2021.10.win32_1.0.100.202210260954/tools/bin/../lib/gcc/arm-none-eabi/10.3.1/thumb/v7-m/nofp/crtbegin.o
 *(.text*)
 .text.MDIO_voidSetPinDirection
                0x0000000008000170      0x1a8 ./Src/DIO_program.o
                0x0000000008000170                MDIO_voidSetPinDirection
 .text.MDIO_voidSetPinValue
                0x0000000008000318       0xf4 ./Src/DIO_program.o
                0x0000000008000318                MDIO_voidSetPinValue
 .text.MRCC_voidSysClkInit
                0x000000000800040c       0x38 ./Src/RCC_program.o
                0x000000000800040c                MRCC_voidSysClkInit
 .text.MRCC_voidEnablePerClk
                0x0000000008000444       0x84 ./Src/RCC_program.o
                0x0000000008000444                MRCC_voidEnablePerClk
 .text.main     0x00000000080004c8       0x64 ./Src/RTOS_main.o
                0x00000000080004c8                main
 .text.Task1    0x000000000800052c       0x38 ./Src/RTOS_main.o
                0x000000000800052c                Task1
 .text.Task2    0x0000000008000564       0x38 ./Src/RTOS_main.o
                0x0000000008000564                Task2
 .text.Task3    0x000000000800059c       0x38 ./Src/RTOS_main.o
                0x000000000800059c                Task3
 .text.RTOS_voidInit
                0x00000000080005d4       0x1c ./Src/RTOS_program.o
                0x00000000080005d4                RTOS_voidInit
 .text.RTOS_voidCreatTask
                0x00000000080005f0       0x44 ./Src/RTOS_program.o
                0x00000000080005f0                RTOS_voidCreatTask
 .text.RTOS_voidScheduler
                0x0000000008000634       0x74 ./Src/RTOS_program.o
 .text.STK_voidInit
                0x00000000080006a8       0x18 ./Src/STK_prog.o
                0x00000000080006a8                STK_voidInit
 .text.STK_voidSetIntervalPeriodic
                0x00000000080006c0       0x4c ./Src/STK_prog.o
                0x00000000080006c0                STK_voidSetIntervalPeriodic
 .text.SysTick_Handler
                0x000000000800070c       0x5c ./Src/STK_prog.o
                0x000000000800070c                SysTick_Handler
 .text.Reset_Handler
                0x0000000008000768       0x50 ./Startup/startup_stm32f103c8tx.o
                0x0000000008000768                Reset_Handler
 .text.Default_Handler
                0x00000000080007b8        0x2 ./Startup/startup_stm32f103c8tx.o
                0x00000000080007b8                EXTI2_IRQHandler
                0x00000000080007b8                TIM8_TRG_COM_IRQHandler
                0x00000000080007b8                TIM8_CC_IRQHandler
                0x00000000080007b8                DebugMon_Handler
                0x00000000080007b8                TIM1_CC_IRQHandler
                0x00000000080007b8                HardFault_Handler
                0x00000000080007b8                TIM6_IRQHandler
                0x00000000080007b8                PVD_IRQHandler
                0x00000000080007b8                SDIO_IRQHandler
                0x00000000080007b8                PendSV_Handler
                0x00000000080007b8                NMI_Handler
                0x00000000080007b8                EXTI3_IRQHandler
                0x00000000080007b8                USB_HP_CAN_TX_IRQHandler
                0x00000000080007b8                EXTI0_IRQHandler
                0x00000000080007b8                I2C2_EV_IRQHandler
                0x00000000080007b8                UsageFault_Handler
                0x00000000080007b8                ADC1_2_IRQHandler
                0x00000000080007b8                SPI1_IRQHandler
                0x00000000080007b8                CAN_SCE_IRQHandler
                0x00000000080007b8                TAMPER_IRQHandler
                0x00000000080007b8                TIM8_UP_IRQHandler
                0x00000000080007b8                DMA2_Channel2_IRQHandler
                0x00000000080007b8                DMA1_Channel4_IRQHandler
                0x00000000080007b8                USART3_IRQHandler
                0x00000000080007b8                RTC_IRQHandler
                0x00000000080007b8                DMA1_Channel7_IRQHandler
                0x00000000080007b8                UART5_IRQHandler
                0x00000000080007b8                ADC3_IRQHandler
                0x00000000080007b8                TIM4_IRQHandler
                0x00000000080007b8                CAN_RX1_IRQHandler
                0x00000000080007b8                DMA2_Channel1_IRQHandler
                0x00000000080007b8                I2C1_EV_IRQHandler
                0x00000000080007b8                DMA1_Channel6_IRQHandler
                0x00000000080007b8                UART4_IRQHandler
                0x00000000080007b8                TIM3_IRQHandler
                0x00000000080007b8                RCC_IRQHandler
                0x00000000080007b8                TIM1_TRG_COM_IRQHandler
                0x00000000080007b8                DMA1_Channel1_IRQHandler
                0x00000000080007b8                Default_Handler
                0x00000000080007b8                EXTI15_10_IRQHandler
                0x00000000080007b8                TIM7_IRQHandler
                0x00000000080007b8                TIM5_IRQHandler
                0x00000000080007b8                EXTI9_5_IRQHandler
                0x00000000080007b8                SPI2_IRQHandler
                0x00000000080007b8                USB_LP_CAN_RX0_IRQHandler
                0x00000000080007b8                MemManage_Handler
                0x00000000080007b8                SVC_Handler
                0x00000000080007b8                DMA1_Channel5_IRQHandler
                0x00000000080007b8                EXTI4_IRQHandler
                0x00000000080007b8                DMA1_Channel3_IRQHandler
                0x00000000080007b8                FSMC_IRQHandler
                0x00000000080007b8                TIM1_UP_IRQHandler
                0x00000000080007b8                WWDG_IRQHandler
                0x00000000080007b8                TIM2_IRQHandler
                0x00000000080007b8                TIM1_BRK_IRQHandler
                0x00000000080007b8                EXTI1_IRQHandler
                0x00000000080007b8                RTCAlarm_IRQHandler
                0x00000000080007b8                DMA2_Channel4_5_IRQHandler
                0x00000000080007b8                USART2_IRQHandler
                0x00000000080007b8                I2C2_ER_IRQHandler
                0x00000000080007b8                DMA1_Channel2_IRQHandler
                0x00000000080007b8                TIM8_BRK_IRQHandler
                0x00000000080007b8                FLASH_IRQHandler
                0x00000000080007b8                BusFault_Handler
                0x00000000080007b8                USART1_IRQHandler
                0x00000000080007b8                SPI3_IRQHandler
                0x00000000080007b8                I2C1_ER_IRQHandler
                0x00000000080007b8                DMA2_Channel3_IRQHandler
 *fill*         0x00000000080007ba        0x2 
 .text.__libc_init_array
                0x00000000080007bc       0x48 c:/st/stm32cubeide_1.11.2/stm32cubeide/plugins/com.st.stm32cube.ide.mcu.externaltools.gnu-tools-for-stm32.10.3-2021.10.win32_1.0.100.202210260954/tools/bin/../lib/gcc/arm-none-eabi/10.3.1/../../../../arm-none-eabi/lib/thumb/v7-m/nofp\libc_nano.a(lib_a-init.o)
                0x00000000080007bc                __libc_init_array
 *(.glue_7)
 .glue_7        0x0000000008000804        0x0 linker stubs
 *(.glue_7t)
 .glue_7t       0x0000000008000804        0x0 linker stubs
 *(.eh_frame)
 .eh_frame      0x0000000008000804        0x0 c:/st/stm32cubeide_1.11.2/stm32cubeide/plugins/com.st.stm32cube.ide.mcu.externaltools.gnu-tools-for-stm32.10.3-2021.10.win32_1.0.100.202210260954/tools/bin/../lib/gcc/arm-none-eabi/10.3.1/thumb/v7-m/nofp/crtbegin.o
 *(.init)
 .init          0x0000000008000804        0x4 c:/st/stm32cubeide_1.11.2/stm32cubeide/plugins/com.st.stm32cube.ide.mcu.externaltools.gnu-tools-for-stm32.10.3-2021.10.win32_1.0.100.202210260954/tools/bin/../lib/gcc/arm-none-eabi/10.3.1/thumb/v7-m/nofp/crti.o
                0x0000000008000804                _init
 .init          0x0000000008000808        0x8 c:/st/stm32cubeide_1.11.2/stm32cubeide/plugins/com.st.stm32cube.ide.mcu.externaltools.gnu-tools-for-stm32.10.3-2021.10.win32_1.0.100.202210260954/tools/bin/../lib/gcc/arm-none-eabi/10.3.1/thumb/v7-m/nofp/crtn.o
 *(.fini)
 .fini          0x0000000008000810        0x4 c:/st/stm32cubeide_1.11.2/stm32cubeide/plugins/com.st.stm32cube.ide.mcu.externaltools.gnu-tools-for-stm32.10.3-2021.10.win32_1.0.100.202210260954/tools/bin/../lib/gcc/arm-none-eabi/10.3.1/thumb/v7-m/nofp/crti.o
                0x0000000008000810                _fini
 .fini          0x0000000008000814        0x8 c:/st/stm32cubeide_1.11.2/stm32cubeide/plugins/com.st.stm32cube.ide.mcu.externaltools.gnu-tools-for-stm32.10.3-2021.10.win32_1.0.100.202210260954/tools/bin/../lib/gcc/arm-none-eabi/10.3.1/thumb/v7-m/nofp/crtn.o
                0x000000000800081c                . = ALIGN (0x4)
                0x000000000800081c                _etext = .

.vfp11_veneer   0x000000000800081c        0x0
 .vfp11_veneer  0x000000000800081c        0x0 linker stubs

.v4_bx          0x000000000800081c        0x0
 .v4_bx         0x000000000800081c        0x0 linker stubs

.iplt           0x000000000800081c        0x0
 .iplt          0x000000000800081c        0x0 c:/st/stm32cubeide_1.11.2/stm32cubeide/plugins/com.st.stm32cube.ide.mcu.externaltools.gnu-tools-for-stm32.10.3-2021.10.win32_1.0.100.202210260954/tools/bin/../lib/gcc/arm-none-eabi/10.3.1/thumb/v7-m/nofp/crtbegin.o

.rel.dyn        0x000000000800081c        0x0
 .rel.iplt      0x000000000800081c        0x0 c:/st/stm32cubeide_1.11.2/stm32cubeide/plugins/com.st.stm32cube.ide.mcu.externaltools.gnu-tools-for-stm32.10.3-2021.10.win32_1.0.100.202210260954/tools/bin/../lib/gcc/arm-none-eabi/10.3.1/thumb/v7-m/nofp/crtbegin.o

.rodata         0x000000000800081c        0x0
                0x000000000800081c                . = ALIGN (0x4)
 *(.rodata)
 *(.rodata*)
                0x000000000800081c                . = ALIGN (0x4)

.ARM.extab      0x000000000800081c        0x0
                0x000000000800081c                . = ALIGN (0x4)
 *(.ARM.extab* .gnu.linkonce.armextab.*)
                0x000000000800081c                . = ALIGN (0x4)

.ARM            0x000000000800081c        0x0
                0x000000000800081c                . = ALIGN (0x4)
                0x000000000800081c                __exidx_start = .
 *(.ARM.exidx*)
                0x000000000800081c                __exidx_end = .
                0x000000000800081c                . = ALIGN (0x4)

.preinit_array  0x000000000800081c        0x0
                0x000000000800081c                . = ALIGN (0x4)
                0x000000000800081c                PROVIDE (__preinit_array_start = .)
 *(.preinit_array*)
                0x000000000800081c                PROVIDE (__preinit_array_end = .)
                0x000000000800081c                . = ALIGN (0x4)

.init_array     0x000000000800081c        0x4
                0x000000000800081c                . = ALIGN (0x4)
                0x000000000800081c                PROVIDE (__init_array_start = .)
 *(SORT_BY_NAME(.init_array.*))
 *(.init_array*)
 .init_array    0x000000000800081c        0x4 c:/st/stm32cubeide_1.11.2/stm32cubeide/plugins/com.st.stm32cube.ide.mcu.externaltools.gnu-tools-for-stm32.10.3-2021.10.win32_1.0.100.202210260954/tools/bin/../lib/gcc/arm-none-eabi/10.3.1/thumb/v7-m/nofp/crtbegin.o
                0x0000000008000820                PROVIDE (__init_array_end = .)
                0x0000000008000820                . = ALIGN (0x4)

.fini_array     0x0000000008000820        0x4
                0x0000000008000820                . = ALIGN (0x4)
                [!provide]                        PROVIDE (__fini_array_start = .)
 *(SORT_BY_NAME(.fini_array.*))
 *(.fini_array*)
 .fini_array    0x0000000008000820        0x4 c:/st/stm32cubeide_1.11.2/stm32cubeide/plugins/com.st.stm32cube.ide.mcu.externaltools.gnu-tools-for-stm32.10.3-2021.10.win32_1.0.100.202210260954/tools/bin/../lib/gcc/arm-none-eabi/10.3.1/thumb/v7-m/nofp/crtbegin.o
                [!provide]                        PROVIDE (__fini_array_end = .)
                0x0000000008000824                . = ALIGN (0x4)
                0x0000000008000824                _sidata = LOADADDR (.data)

.data           0x0000000020000000        0x0 load address 0x0000000008000824
                0x0000000020000000                . = ALIGN (0x4)
                0x0000000020000000                _sdata = .
 *(.data)
 *(.data*)
 *(.RamFunc)
 *(.RamFunc*)
                0x0000000020000000                . = ALIGN (0x4)
                0x0000000020000000                _edata = .

.igot.plt       0x0000000020000000        0x0 load address 0x0000000008000824
 .igot.plt      0x0000000020000000        0x0 c:/st/stm32cubeide_1.11.2/stm32cubeide/plugins/com.st.stm32cube.ide.mcu.externaltools.gnu-tools-for-stm32.10.3-2021.10.win32_1.0.100.202210260954/tools/bin/../lib/gcc/arm-none-eabi/10.3.1/thumb/v7-m/nofp/crtbegin.o
                0x0000000020000000                . = ALIGN (0x4)

.bss            0x0000000020000000       0x40 load address 0x0000000008000824
                0x0000000020000000                _sbss = .
                0x0000000020000000                __bss_start__ = _sbss
 *(.bss)
 .bss           0x0000000020000000       0x1c c:/st/stm32cubeide_1.11.2/stm32cubeide/plugins/com.st.stm32cube.ide.mcu.externaltools.gnu-tools-for-stm32.10.3-2021.10.win32_1.0.100.202210260954/tools/bin/../lib/gcc/arm-none-eabi/10.3.1/thumb/v7-m/nofp/crtbegin.o
 *(.bss*)
 .bss.flag1.2   0x000000002000001c        0x1 ./Src/RTOS_main.o
 .bss.flag2.1   0x000000002000001d        0x1 ./Src/RTOS_main.o
 .bss.flag3.0   0x000000002000001e        0x1 ./Src/RTOS_main.o
 *fill*         0x000000002000001f        0x1 
 .bss.Tasks     0x0000000020000020       0x18 ./Src/RTOS_program.o
 .bss.SysTick_CallBack
                0x0000000020000038        0x4 ./Src/STK_prog.o
 .bss.STK_u8ModeOfInterval
                0x000000002000003c        0x1 ./Src/STK_prog.o
 *(COMMON)
                0x0000000020000040                . = ALIGN (0x4)
 *fill*         0x000000002000003d        0x3 
                0x0000000020000040                _ebss = .
                0x0000000020000040                __bss_end__ = _ebss

._user_heap_stack
                0x0000000020000040      0x600 load address 0x0000000008000824
                0x0000000020000040                . = ALIGN (0x8)
                [!provide]                        PROVIDE (end = .)
                0x0000000020000040                PROVIDE (_end = .)
                0x0000000020000240                . = (. + _Min_Heap_Size)
 *fill*         0x0000000020000040      0x200 
                0x0000000020000640                . = (. + _Min_Stack_Size)
 *fill*         0x0000000020000240      0x400 
                0x0000000020000640                . = ALIGN (0x8)

/DISCARD/
 libc.a(*)
 libm.a(*)
 libgcc.a(*)

.ARM.attributes
                0x0000000000000000       0x29
 *(.ARM.attributes)
 .ARM.attributes
                0x0000000000000000       0x1d c:/st/stm32cubeide_1.11.2/stm32cubeide/plugins/com.st.stm32cube.ide.mcu.externaltools.gnu-tools-for-stm32.10.3-2021.10.win32_1.0.100.202210260954/tools/bin/../lib/gcc/arm-none-eabi/10.3.1/thumb/v7-m/nofp/crti.o
 .ARM.attributes
                0x000000000000001d       0x2d c:/st/stm32cubeide_1.11.2/stm32cubeide/plugins/com.st.stm32cube.ide.mcu.externaltools.gnu-tools-for-stm32.10.3-2021.10.win32_1.0.100.202210260954/tools/bin/../lib/gcc/arm-none-eabi/10.3.1/thumb/v7-m/nofp/crtbegin.o
 .ARM.attributes
                0x000000000000004a       0x2d ./Src/DIO_program.o
 .ARM.attributes
                0x0000000000000077       0x2d ./Src/RCC_program.o
 .ARM.attributes
                0x00000000000000a4       0x2d ./Src/RTOS_main.o
 .ARM.attributes
                0x00000000000000d1       0x2d ./Src/RTOS_program.o
 .ARM.attributes
                0x00000000000000fe       0x2d ./Src/STK_prog.o
 .ARM.attributes
                0x000000000000012b       0x21 ./Startup/startup_stm32f103c8tx.o
 .ARM.attributes
                0x000000000000014c       0x2d c:/st/stm32cubeide_1.11.2/stm32cubeide/plugins/com.st.stm32cube.ide.mcu.externaltools.gnu-tools-for-stm32.10.3-2021.10.win32_1.0.100.202210260954/tools/bin/../lib/gcc/arm-none-eabi/10.3.1/../../../../arm-none-eabi/lib/thumb/v7-m/nofp\libc_nano.a(lib_a-init.o)
 .ARM.attributes
                0x0000000000000179       0x1d c:/st/stm32cubeide_1.11.2/stm32cubeide/plugins/com.st.stm32cube.ide.mcu.externaltools.gnu-tools-for-stm32.10.3-2021.10.win32_1.0.100.202210260954/tools/bin/../lib/gcc/arm-none-eabi/10.3.1/thumb/v7-m/nofp/crtn.o
OUTPUT(RTOS_project.elf elf32-littlearm)
LOAD linker stubs
LOAD c:/st/stm32cubeide_1.11.2/stm32cubeide/plugins/com.st.stm32cube.ide.mcu.externaltools.gnu-tools-for-stm32.10.3-2021.10.win32_1.0.100.202210260954/tools/bin/../lib/gcc/arm-none-eabi/10.3.1/../../../../arm-none-eabi/lib/thumb/v7-m/nofp\libc.a
LOAD c:/st/stm32cubeide_1.11.2/stm32cubeide/plugins/com.st.stm32cube.ide.mcu.externaltools.gnu-tools-for-stm32.10.3-2021.10.win32_1.0.100.202210260954/tools/bin/../lib/gcc/arm-none-eabi/10.3.1/../../../../arm-none-eabi/lib/thumb/v7-m/nofp\libm.a
LOAD c:/st/stm32cubeide_1.11.2/stm32cubeide/plugins/com.st.stm32cube.ide.mcu.externaltools.gnu-tools-for-stm32.10.3-2021.10.win32_1.0.100.202210260954/tools/bin/../lib/gcc/arm-none-eabi/10.3.1/thumb/v7-m/nofp\libgcc.a

.debug_info     0x0000000000000000      0x7ff
 .debug_info    0x0000000000000000      0x17c ./Src/DIO_program.o
 .debug_info    0x000000000000017c       0xf5 ./Src/RCC_program.o
 .debug_info    0x0000000000000271      0x198 ./Src/RTOS_main.o
 .debug_info    0x0000000000000409      0x1b5 ./Src/RTOS_program.o
 .debug_info    0x00000000000005be      0x21f ./Src/STK_prog.o
 .debug_info    0x00000000000007dd       0x22 ./Startup/startup_stm32f103c8tx.o

.debug_abbrev   0x0000000000000000      0x448
 .debug_abbrev  0x0000000000000000       0x81 ./Src/DIO_program.o
 .debug_abbrev  0x0000000000000081       0x78 ./Src/RCC_program.o
 .debug_abbrev  0x00000000000000f9       0xc4 ./Src/RTOS_main.o
 .debug_abbrev  0x00000000000001bd      0x14e ./Src/RTOS_program.o
 .debug_abbrev  0x000000000000030b      0x12b ./Src/STK_prog.o
 .debug_abbrev  0x0000000000000436       0x12 ./Startup/startup_stm32f103c8tx.o

.debug_aranges  0x0000000000000000      0x150
 .debug_aranges
                0x0000000000000000       0x38 ./Src/DIO_program.o
 .debug_aranges
                0x0000000000000038       0x30 ./Src/RCC_program.o
 .debug_aranges
                0x0000000000000068       0x38 ./Src/RTOS_main.o
 .debug_aranges
                0x00000000000000a0       0x30 ./Src/RTOS_program.o
 .debug_aranges
                0x00000000000000d0       0x58 ./Src/STK_prog.o
 .debug_aranges
                0x0000000000000128       0x28 ./Startup/startup_stm32f103c8tx.o

.debug_ranges   0x0000000000000000       0xf8
 .debug_ranges  0x0000000000000000       0x28 ./Src/DIO_program.o
 .debug_ranges  0x0000000000000028       0x20 ./Src/RCC_program.o
 .debug_ranges  0x0000000000000048       0x28 ./Src/RTOS_main.o
 .debug_ranges  0x0000000000000070       0x20 ./Src/RTOS_program.o
 .debug_ranges  0x0000000000000090       0x48 ./Src/STK_prog.o
 .debug_ranges  0x00000000000000d8       0x20 ./Startup/startup_stm32f103c8tx.o

.debug_macro    0x0000000000000000      0xe49
 .debug_macro   0x0000000000000000       0x35 ./Src/DIO_program.o
 .debug_macro   0x0000000000000035      0xa72 ./Src/DIO_program.o
 .debug_macro   0x0000000000000aa7       0x1c ./Src/DIO_program.o
 .debug_macro   0x0000000000000ac3       0x22 ./Src/DIO_program.o
 .debug_macro   0x0000000000000ae5       0xe2 ./Src/DIO_program.o
 .debug_macro   0x0000000000000bc7       0x9a ./Src/DIO_program.o
 .debug_macro   0x0000000000000c61       0x3e ./Src/RCC_program.o
 .debug_macro   0x0000000000000c9f       0x1c ./Src/RCC_program.o
 .debug_macro   0x0000000000000cbb       0x5e ./Src/RCC_program.o
 .debug_macro   0x0000000000000d19       0x10 ./Src/RCC_program.o
 .debug_macro   0x0000000000000d29       0x49 ./Src/RTOS_main.o
 .debug_macro   0x0000000000000d72       0x4a ./Src/RTOS_program.o
 .debug_macro   0x0000000000000dbc       0x10 ./Src/RTOS_program.o
 .debug_macro   0x0000000000000dcc       0x45 ./Src/STK_prog.o
 .debug_macro   0x0000000000000e11       0x28 ./Src/STK_prog.o
 .debug_macro   0x0000000000000e39       0x10 ./Src/STK_prog.o

.debug_line     0x0000000000000000      0x80f
 .debug_line    0x0000000000000000      0x25d ./Src/DIO_program.o
 .debug_line    0x000000000000025d      0x10e ./Src/RCC_program.o
 .debug_line    0x000000000000036b      0x13e ./Src/RTOS_main.o
 .debug_line    0x00000000000004a9      0x129 ./Src/RTOS_program.o
 .debug_line    0x00000000000005d2      0x1b9 ./Src/STK_prog.o
 .debug_line    0x000000000000078b       0x84 ./Startup/startup_stm32f103c8tx.o

.debug_str      0x0000000000000000     0x3961
 .debug_str     0x0000000000000000     0x3394 ./Src/DIO_program.o
                                       0x33f6 (size before relaxing)
 .debug_str     0x0000000000003394      0x28f ./Src/RCC_program.o
                                       0x302d (size before relaxing)
 .debug_str     0x0000000000003623       0x80 ./Src/RTOS_main.o
                                       0x309a (size before relaxing)
 .debug_str     0x00000000000036a3       0xd0 ./Src/RTOS_program.o
                                       0x2ebf (size before relaxing)
 .debug_str     0x0000000000003773      0x1bd ./Src/STK_prog.o
                                       0x2f9b (size before relaxing)
 .debug_str     0x0000000000003930       0x31 ./Startup/startup_stm32f103c8tx.o
                                         0x5e (size before relaxing)

.comment        0x0000000000000000       0x50
 .comment       0x0000000000000000       0x50 ./Src/DIO_program.o
                                         0x51 (size before relaxing)
 .comment       0x0000000000000050       0x51 ./Src/RCC_program.o
 .comment       0x0000000000000050       0x51 ./Src/RTOS_main.o
 .comment       0x0000000000000050       0x51 ./Src/RTOS_program.o
 .comment       0x0000000000000050       0x51 ./Src/STK_prog.o

.debug_frame    0x0000000000000000      0x390
 .debug_frame   0x0000000000000000       0xb0 ./Src/DIO_program.o
 .debug_frame   0x00000000000000b0       0x80 ./Src/RCC_program.o
 .debug_frame   0x0000000000000130       0x80 ./Src/RTOS_main.o
 .debug_frame   0x00000000000001b0       0x78 ./Src/RTOS_program.o
 .debug_frame   0x0000000000000228      0x13c ./Src/STK_prog.o
 .debug_frame   0x0000000000000364       0x2c c:/st/stm32cubeide_1.11.2/stm32cubeide/plugins/com.st.stm32cube.ide.mcu.externaltools.gnu-tools-for-stm32.10.3-2021.10.win32_1.0.100.202210260954/tools/bin/../lib/gcc/arm-none-eabi/10.3.1/../../../../arm-none-eabi/lib/thumb/v7-m/nofp\libc_nano.a(lib_a-init.o)
