../Src/LCD_prg.c:16:13:_delay_ms	24	static,ignoring_inline_asm
../Src/LCD_prg.c:24:6:H_LCD_void_Init	8	static
../Src/LCD_prg.c:79:6:H_LCD_void_sendData	16	static
../Src/LCD_prg.c:86:6:H_LCD_void_sendCommand	16	static
../Src/LCD_prg.c:94:6:H_LCD_void_sendString	16	static
../Src/LCD_prg.c:102:6:H_LCD_void_clear	8	static
../Src/LCD_prg.c:106:6:H_LCD_void_sendIntNum	32	static
../Src/LCD_prg.c:133:6:H_LCD_void_gotXY	16	static
../Src/LCD_prg.c:151:6:H_LCD_void_creatCustomChar	16	static
../Src/LCD_prg.c:155:6:H_LCD_void_displayCustomChar	16	static
../Src/LCD_prg.c:159:13:H_LCD_void_writeNlatch	16	static
